Archive member included to satisfy reference by file (symbol)

C:\Users\stay-on-main\.rustup\toolchains\stable-x86_64-pc-windows-msvc\lib\rustlib\thumbv7m-none-eabi\lib\libcore-8010f7064010be9c.rlib(core-8010f7064010be9c.core.5h9aq91n-cgu.0.rcgu.o)
                              C:\stay-on-main\stm32f103\target\thumbv7m-none-eabi\debug\deps\stm32f103-d8df0dc61f79641e.1lnyj2xp0jzj5wo9.rcgu.o (core::panicking::panic)
C:\Users\stay-on-main\.rustup\toolchains\stable-x86_64-pc-windows-msvc\lib\rustlib\thumbv7m-none-eabi\lib\libcompiler_builtins-26b11cd3df3b5c44.rlib(compiler_builtins-26b11cd3df3b5c44.compiler_builtins.f34lpfze-cgu.0.rcgu.o)
                              C:\Users\stay-on-main\.rustup\toolchains\stable-x86_64-pc-windows-msvc\lib\rustlib\thumbv7m-none-eabi\lib\libcore-8010f7064010be9c.rlib(core-8010f7064010be9c.core.5h9aq91n-cgu.0.rcgu.o) (__aeabi_memclr4)
C:\Users\stay-on-main\.rustup\toolchains\stable-x86_64-pc-windows-msvc\lib\rustlib\thumbv7m-none-eabi\lib\libcompiler_builtins-26b11cd3df3b5c44.rlib(divmodsi4.o)
                              C:\Users\stay-on-main\.rustup\toolchains\stable-x86_64-pc-windows-msvc\lib\rustlib\thumbv7m-none-eabi\lib\libcompiler_builtins-26b11cd3df3b5c44.rlib(compiler_builtins-26b11cd3df3b5c44.compiler_builtins.f34lpfze-cgu.0.rcgu.o) (__divmodsi4)
C:\Users\stay-on-main\.rustup\toolchains\stable-x86_64-pc-windows-msvc\lib\rustlib\thumbv7m-none-eabi\lib\libcompiler_builtins-26b11cd3df3b5c44.rlib(modsi3.o)
                              C:\Users\stay-on-main\.rustup\toolchains\stable-x86_64-pc-windows-msvc\lib\rustlib\thumbv7m-none-eabi\lib\libcompiler_builtins-26b11cd3df3b5c44.rlib(compiler_builtins-26b11cd3df3b5c44.compiler_builtins.f34lpfze-cgu.0.rcgu.o) (__modsi3)
C:\Users\stay-on-main\.rustup\toolchains\stable-x86_64-pc-windows-msvc\lib\rustlib\thumbv7m-none-eabi\lib\libcompiler_builtins-26b11cd3df3b5c44.rlib(udivmodsi4.o)
                              C:\Users\stay-on-main\.rustup\toolchains\stable-x86_64-pc-windows-msvc\lib\rustlib\thumbv7m-none-eabi\lib\libcompiler_builtins-26b11cd3df3b5c44.rlib(compiler_builtins-26b11cd3df3b5c44.compiler_builtins.f34lpfze-cgu.0.rcgu.o) (__udivmodsi4)
C:\Users\stay-on-main\.rustup\toolchains\stable-x86_64-pc-windows-msvc\lib\rustlib\thumbv7m-none-eabi\lib\libcompiler_builtins-26b11cd3df3b5c44.rlib(umodsi3.o)
                              C:\Users\stay-on-main\.rustup\toolchains\stable-x86_64-pc-windows-msvc\lib\rustlib\thumbv7m-none-eabi\lib\libcompiler_builtins-26b11cd3df3b5c44.rlib(compiler_builtins-26b11cd3df3b5c44.compiler_builtins.f34lpfze-cgu.0.rcgu.o) (__umodsi3)
C:\Users\stay-on-main\.rustup\toolchains\stable-x86_64-pc-windows-msvc\lib\rustlib\thumbv7m-none-eabi\lib\libcompiler_builtins-26b11cd3df3b5c44.rlib(aeabi_div0.o)
                              C:\Users\stay-on-main\.rustup\toolchains\stable-x86_64-pc-windows-msvc\lib\rustlib\thumbv7m-none-eabi\lib\libcompiler_builtins-26b11cd3df3b5c44.rlib(udivmodsi4.o) (__aeabi_idiv0)

Discarded input sections

 .text          0x00000000        0x0 C:\stay-on-main\stm32f103\target\thumbv7m-none-eabi\debug\deps\stm32f103-d8df0dc61f79641e.1lnyj2xp0jzj5wo9.rcgu.o
 .ARM.exidx.text._ZN9stm32f10310usart_init17h084a15e4666b485eE
                0x00000000        0x8 C:\stay-on-main\stm32f103\target\thumbv7m-none-eabi\debug\deps\stm32f103-d8df0dc61f79641e.1lnyj2xp0jzj5wo9.rcgu.o
 .ARM.exidx.text._ZN9stm32f10310usart_send17h8e3e45d825b026dbE
                0x00000000        0x8 C:\stay-on-main\stm32f103\target\thumbv7m-none-eabi\debug\deps\stm32f103-d8df0dc61f79641e.1lnyj2xp0jzj5wo9.rcgu.o
 .ARM.exidx.text.main
                0x00000000        0x8 C:\stay-on-main\stm32f103\target\thumbv7m-none-eabi\debug\deps\stm32f103-d8df0dc61f79641e.1lnyj2xp0jzj5wo9.rcgu.o
 .text          0x00000000        0x0 C:\stay-on-main\stm32f103\target\thumbv7m-none-eabi\debug\deps\stm32f103-d8df0dc61f79641e.2fgiu903arh8yzmg.rcgu.o
 .ARM.exidx.text._ZN9stm32f1037startup17hardfault_handler17h8834e40ad50adbbaE
                0x00000000        0x8 C:\stay-on-main\stm32f103\target\thumbv7m-none-eabi\debug\deps\stm32f103-d8df0dc61f79641e.2fgiu903arh8yzmg.rcgu.o
 .ARM.exidx.text._ZN9stm32f1037startup11nmi_handler17h859df5394a445716E
                0x00000000        0x8 C:\stay-on-main\stm32f103\target\thumbv7m-none-eabi\debug\deps\stm32f103-d8df0dc61f79641e.2fgiu903arh8yzmg.rcgu.o
 .ARM.exidx.text._ZN9stm32f1037startup15default_handler17h4fe6ca52168bb7bcE
                0x00000000        0x8 C:\stay-on-main\stm32f103\target\thumbv7m-none-eabi\debug\deps\stm32f103-d8df0dc61f79641e.2fgiu903arh8yzmg.rcgu.o
 .ARM.exidx.text._ZN9stm32f1037startup13reset_handler17h385d7b10f54d6b10E
                0x00000000        0x8 C:\stay-on-main\stm32f103\target\thumbv7m-none-eabi\debug\deps\stm32f103-d8df0dc61f79641e.2fgiu903arh8yzmg.rcgu.o
 .ARM.exidx.text.rust_begin_unwind
                0x00000000        0x8 C:\stay-on-main\stm32f103\target\thumbv7m-none-eabi\debug\deps\stm32f103-d8df0dc61f79641e.2fgiu903arh8yzmg.rcgu.o
[...]
Memory Configuration

Name             Origin             Length             Attributes
FLASH            0x08000000         0x00010000         xr
RAM              0x20000000         0x00005000         xrw
*default*        0x00000000         0xffffffff

Linker script and memory map

LOAD C:\stay-on-main\stm32f103\target\thumbv7m-none-eabi\debug\deps\stm32f103-d8df0dc61f79641e.1lnyj2xp0jzj5wo9.rcgu.o
LOAD C:\stay-on-main\stm32f103\target\thumbv7m-none-eabi\debug\deps\stm32f103-d8df0dc61f79641e.2fgiu903arh8yzmg.rcgu.o
LOAD C:\Users\stay-on-main\.rustup\toolchains\stable-x86_64-pc-windows-msvc\lib\rustlib\thumbv7m-none-eabi\lib\librustc_std_workspace_core-5a60e280b382f06e.rlib
LOAD C:\Users\stay-on-main\.rustup\toolchains\stable-x86_64-pc-windows-msvc\lib\rustlib\thumbv7m-none-eabi\lib\libcore-8010f7064010be9c.rlib
LOAD C:\Users\stay-on-main\.rustup\toolchains\stable-x86_64-pc-windows-msvc\lib\rustlib\thumbv7m-none-eabi\lib\libcompiler_builtins-26b11cd3df3b5c44.rlib

.text           0x08000000      0xd12
                0x08000000        0x4 LONG 0x20005000 (ORIGIN (RAM) + LENGTH (RAM))
 *(.reset_handler)
 .reset_handler
                0x08000004       0x3c C:\stay-on-main\stm32f103\target\thumbv7m-none-eabi\debug\deps\stm32f103-d8df0dc61f79641e.2fgiu903arh8yzmg.rcgu.o
 *(.text.*)
 .text._ZN9stm32f10310usart_init17h084a15e4666b485eE
                0x08000040      0x806 C:\stay-on-main\stm32f103\target\thumbv7m-none-eabi\debug\deps\stm32f103-d8df0dc61f79641e.1lnyj2xp0jzj5wo9.rcgu.o
 .text._ZN9stm32f10310usart_send17h8e3e45d825b026dbE
                0x08000846      0x11e C:\stay-on-main\stm32f103\target\thumbv7m-none-eabi\debug\deps\stm32f103-d8df0dc61f79641e.1lnyj2xp0jzj5wo9.rcgu.o
 .text.main     0x08000964      0x2c2 C:\stay-on-main\stm32f103\target\thumbv7m-none-eabi\debug\deps\stm32f103-d8df0dc61f79641e.1lnyj2xp0jzj5wo9.rcgu.o
                0x08000964                main
 .text._ZN9stm32f1037startup17hardfault_handler17h8834e40ad50adbbaE
                0x08000c26        0x4 C:\stay-on-main\stm32f103\target\thumbv7m-none-eabi\debug\deps\stm32f103-d8df0dc61f79641e.2fgiu903arh8yzmg.rcgu.o
 .text._ZN9stm32f1037startup11nmi_handler17h859df5394a445716E
                0x08000c2a        0x4 C:\stay-on-main\stm32f103\target\thumbv7m-none-eabi\debug\deps\stm32f103-d8df0dc61f79641e.2fgiu903arh8yzmg.rcgu.o
 .text._ZN9stm32f1037startup15default_handler17h4fe6ca52168bb7bcE
                0x08000c2e        0x4 C:\stay-on-main\stm32f103\target\thumbv7m-none-eabi\debug\deps\stm32f103-d8df0dc61f79641e.2fgiu903arh8yzmg.rcgu.o
 .text._ZN9stm32f1037startup13reset_handler17h385d7b10f54d6b10E
                0x08000c32       0x56 C:\stay-on-main\stm32f103\target\thumbv7m-none-eabi\debug\deps\stm32f103-d8df0dc61f79641e.2fgiu903arh8yzmg.rcgu.o
 .text.rust_begin_unwind
                0x08000c88        0xc C:\stay-on-main\stm32f103\target\thumbv7m-none-eabi\debug\deps\stm32f103-d8df0dc61f79641e.2fgiu903arh8yzmg.rcgu.o
                0x08000c88                rust_begin_unwind
 .text._ZN4core3ptr18real_drop_in_place17haefd2ced8e6bdfd2E
                0x08000c94        0x2 C:\Users\stay-on-main\.rustup\toolchains\stable-x86_64-pc-windows-msvc\lib\rustlib\thumbv7m-none-eabi\lib\libcore-8010f7064010be9c.rlib(core-8010f7064010be9c.core.5h9aq91n-cgu.0.rcgu.o)
 .text._ZN36_$LT$T$u20$as$u20$core..any..Any$GT$7type_id17h4be6b44cff0b3a60E
                0x08000c96       0x12 C:\Users\stay-on-main\.rustup\toolchains\stable-x86_64-pc-windows-msvc\lib\rustlib\thumbv7m-none-eabi\lib\libcore-8010f7064010be9c.rlib(core-8010f7064010be9c.core.5h9aq91n-cgu.0.rcgu.o)
 .text._ZN4core9panicking5panic17h5137ce59069236b2E
                0x08000ca8       0x3a C:\Users\stay-on-main\.rustup\toolchains\stable-x86_64-pc-windows-msvc\lib\rustlib\thumbv7m-none-eabi\lib\libcore-8010f7064010be9c.rlib(core-8010f7064010be9c.core.5h9aq91n-cgu.0.rcgu.o)
                0x08000ca8                core::panicking::panic
 .text._ZN4core9panicking9panic_fmt17h0d6d5c8b201e3246E
                0x08000ce2       0x30 C:\Users\stay-on-main\.rustup\toolchains\stable-x86_64-pc-windows-msvc\lib\rustlib\thumbv7m-none-eabi\lib\libcore-8010f7064010be9c.rlib(core-8010f7064010be9c.core.5h9aq91n-cgu.0.rcgu.o)
                0x08000ce2                core::panicking::panic_fmt

.rodata.str.0   0x08000d20       0x25
 .rodata.str.0  0x08000d20       0x17 C:\stay-on-main\stm32f103\target\thumbv7m-none-eabi\debug\deps\stm32f103-d8df0dc61f79641e.1lnyj2xp0jzj5wo9.rcgu.o
 .rodata.str.0  0x08000d37        0xe C:\stay-on-main\stm32f103\target\thumbv7m-none-eabi\debug\deps\stm32f103-d8df0dc61f79641e.2fgiu903arh8yzmg.rcgu.o

.rodata.str.1   0x08000d50       0x4c
 .rodata.str.1  0x08000d50       0x21 C:\stay-on-main\stm32f103\target\thumbv7m-none-eabi\debug\deps\stm32f103-d8df0dc61f79641e.1lnyj2xp0jzj5wo9.rcgu.o
 *fill*         0x08000d71        0xf 
 .rodata.str.1  0x08000d80       0x1c C:\stay-on-main\stm32f103\target\thumbv7m-none-eabi\debug\deps\stm32f103-d8df0dc61f79641e.2fgiu903arh8yzmg.rcgu.o

.rodata..L__unnamed_4
                0x08000d9c       0x18
 .rodata..L__unnamed_4
                0x08000d9c       0x18 C:\stay-on-main\stm32f103\target\thumbv7m-none-eabi\debug\deps\stm32f103-d8df0dc61f79641e.1lnyj2xp0jzj5wo9.rcgu.o

.rodata..L__unnamed_5
                0x08000db4       0x18
 .rodata..L__unnamed_5
                0x08000db4       0x18 C:\stay-on-main\stm32f103\target\thumbv7m-none-eabi\debug\deps\stm32f103-d8df0dc61f79641e.1lnyj2xp0jzj5wo9.rcgu.o

.rodata..L__unnamed_2
                0x08000dcc       0x18
 .rodata..L__unnamed_2
                0x08000dcc       0x18 C:\stay-on-main\stm32f103\target\thumbv7m-none-eabi\debug\deps\stm32f103-d8df0dc61f79641e.1lnyj2xp0jzj5wo9.rcgu.o

.rodata..L__unnamed_3
                0x08000de4       0x18
 .rodata..L__unnamed_3
                0x08000de4       0x18 C:\stay-on-main\stm32f103\target\thumbv7m-none-eabi\debug\deps\stm32f103-d8df0dc61f79641e.1lnyj2xp0jzj5wo9.rcgu.o

.rodata..L__unnamed_43
                0x08000dfc       0x18
 .rodata..L__unnamed_43
                0x08000dfc       0x18 C:\stay-on-main\stm32f103\target\thumbv7m-none-eabi\debug\deps\stm32f103-d8df0dc61f79641e.1lnyj2xp0jzj5wo9.rcgu.o

.rodata..L__unnamed_44
                0x08000e14       0x18
 .rodata..L__unnamed_44
                0x08000e14       0x18 C:\stay-on-main\stm32f103\target\thumbv7m-none-eabi\debug\deps\stm32f103-d8df0dc61f79641e.1lnyj2xp0jzj5wo9.rcgu.o

.rodata..L__unnamed_17
                0x08000e2c       0x18
 .rodata..L__unnamed_17
                0x08000e2c       0x18 C:\stay-on-main\stm32f103\target\thumbv7m-none-eabi\debug\deps\stm32f103-d8df0dc61f79641e.1lnyj2xp0jzj5wo9.rcgu.o

.rodata..L__unnamed_18
                0x08000e44       0x18
 .rodata..L__unnamed_18
                0x08000e44       0x18 C:\stay-on-main\stm32f103\target\thumbv7m-none-eabi\debug\deps\stm32f103-d8df0dc61f79641e.1lnyj2xp0jzj5wo9.rcgu.o

.rodata.str.2   0x08000e60       0x1c
 .rodata.str.2  0x08000e60       0x1c C:\stay-on-main\stm32f103\target\thumbv7m-none-eabi\debug\deps\stm32f103-d8df0dc61f79641e.1lnyj2xp0jzj5wo9.rcgu.o

.rodata..L__unnamed_1
                0x08000e7c       0x30
 .rodata..L__unnamed_1
                0x08000e7c       0x18 C:\stay-on-main\stm32f103\target\thumbv7m-none-eabi\debug\deps\stm32f103-d8df0dc61f79641e.1lnyj2xp0jzj5wo9.rcgu.o
 .rodata..L__unnamed_1
                0x08000e94       0x18 C:\stay-on-main\stm32f103\target\thumbv7m-none-eabi\debug\deps\stm32f103-d8df0dc61f79641e.2fgiu903arh8yzmg.rcgu.o

.rodata..L__unnamed_6
                0x08000eac       0x18
 .rodata..L__unnamed_6
                0x08000eac       0x18 C:\stay-on-main\stm32f103\target\thumbv7m-none-eabi\debug\deps\stm32f103-d8df0dc61f79641e.1lnyj2xp0jzj5wo9.rcgu.o

.rodata.str.3   0x08000ed0       0x19
 .rodata.str.3  0x08000ed0       0x19 C:\stay-on-main\stm32f103\target\thumbv7m-none-eabi\debug\deps\stm32f103-d8df0dc61f79641e.1lnyj2xp0jzj5wo9.rcgu.o

.rodata..L__unnamed_8
                0x08000eec       0x18
 .rodata..L__unnamed_8
                0x08000eec       0x18 C:\stay-on-main\stm32f103\target\thumbv7m-none-eabi\debug\deps\stm32f103-d8df0dc61f79641e.1lnyj2xp0jzj5wo9.rcgu.o

.rodata..L__unnamed_9
                0x08000f04       0x18
 .rodata..L__unnamed_9
                0x08000f04       0x18 C:\stay-on-main\stm32f103\target\thumbv7m-none-eabi\debug\deps\stm32f103-d8df0dc61f79641e.1lnyj2xp0jzj5wo9.rcgu.o

.rodata..L__unnamed_10
                0x08000f1c       0x18
 .rodata..L__unnamed_10
                0x08000f1c       0x18 C:\stay-on-main\stm32f103\target\thumbv7m-none-eabi\debug\deps\stm32f103-d8df0dc61f79641e.1lnyj2xp0jzj5wo9.rcgu.o

.rodata..L__unnamed_11
                0x08000f34       0x18
 .rodata..L__unnamed_11
                0x08000f34       0x18 C:\stay-on-main\stm32f103\target\thumbv7m-none-eabi\debug\deps\stm32f103-d8df0dc61f79641e.1lnyj2xp0jzj5wo9.rcgu.o

.rodata..L__unnamed_13
                0x08000f4c       0x18
 .rodata..L__unnamed_13
                0x08000f4c       0x18 C:\stay-on-main\stm32f103\target\thumbv7m-none-eabi\debug\deps\stm32f103-d8df0dc61f79641e.1lnyj2xp0jzj5wo9.rcgu.o

.rodata..L__unnamed_14
                0x08000f64       0x18
 .rodata..L__unnamed_14
                0x08000f64       0x18 C:\stay-on-main\stm32f103\target\thumbv7m-none-eabi\debug\deps\stm32f103-d8df0dc61f79641e.1lnyj2xp0jzj5wo9.rcgu.o

.rodata..L__unnamed_15
                0x08000f7c       0x18
 .rodata..L__unnamed_15
                0x08000f7c       0x18 C:\stay-on-main\stm32f103\target\thumbv7m-none-eabi\debug\deps\stm32f103-d8df0dc61f79641e.1lnyj2xp0jzj5wo9.rcgu.o

.rodata..L__unnamed_16
                0x08000f94       0x18
 .rodata..L__unnamed_16
                0x08000f94       0x18 C:\stay-on-main\stm32f103\target\thumbv7m-none-eabi\debug\deps\stm32f103-d8df0dc61f79641e.1lnyj2xp0jzj5wo9.rcgu.o

.rodata..L__unnamed_7
                0x08000fac       0x18
 .rodata..L__unnamed_7
                0x08000fac       0x18 C:\stay-on-main\stm32f103\target\thumbv7m-none-eabi\debug\deps\stm32f103-d8df0dc61f79641e.1lnyj2xp0jzj5wo9.rcgu.o

.rodata..L__unnamed_12
                0x08000fc4       0x18
 .rodata..L__unnamed_12
                0x08000fc4       0x18 C:\stay-on-main\stm32f103\target\thumbv7m-none-eabi\debug\deps\stm32f103-d8df0dc61f79641e.1lnyj2xp0jzj5wo9.rcgu.o

.rodata.str.4   0x08000fe0       0x19
 .rodata.str.4  0x08000fe0       0x19 C:\stay-on-main\stm32f103\target\thumbv7m-none-eabi\debug\deps\stm32f103-d8df0dc61f79641e.1lnyj2xp0jzj5wo9.rcgu.o

.rodata..L__unnamed_46
                0x08000ffc       0x18
 .rodata..L__unnamed_46
                0x08000ffc       0x18 C:\stay-on-main\stm32f103\target\thumbv7m-none-eabi\debug\deps\stm32f103-d8df0dc61f79641e.1lnyj2xp0jzj5wo9.rcgu.o

.rodata..L__unnamed_47
                0x08001014       0x18
 .rodata..L__unnamed_47
                0x08001014       0x18 C:\stay-on-main\stm32f103\target\thumbv7m-none-eabi\debug\deps\stm32f103-d8df0dc61f79641e.1lnyj2xp0jzj5wo9.rcgu.o

.rodata..L__unnamed_48
                0x0800102c       0x18
 .rodata..L__unnamed_48
                0x0800102c       0x18 C:\stay-on-main\stm32f103\target\thumbv7m-none-eabi\debug\deps\stm32f103-d8df0dc61f79641e.1lnyj2xp0jzj5wo9.rcgu.o

.rodata..L__unnamed_49
                0x08001044       0x18
 .rodata..L__unnamed_49
                0x08001044       0x18 C:\stay-on-main\stm32f103\target\thumbv7m-none-eabi\debug\deps\stm32f103-d8df0dc61f79641e.1lnyj2xp0jzj5wo9.rcgu.o

.rodata..L__unnamed_45
                0x0800105c       0x18
 .rodata..L__unnamed_45
                0x0800105c       0x18 C:\stay-on-main\stm32f103\target\thumbv7m-none-eabi\debug\deps\stm32f103-d8df0dc61f79641e.1lnyj2xp0jzj5wo9.rcgu.o

.rodata..L__unnamed_50
                0x08001074       0x18
 .rodata..L__unnamed_50
                0x08001074       0x18 C:\stay-on-main\stm32f103\target\thumbv7m-none-eabi\debug\deps\stm32f103-d8df0dc61f79641e.1lnyj2xp0jzj5wo9.rcgu.o

.rodata..L__unnamed_52
                0x0800108c       0x18
 .rodata..L__unnamed_52
                0x0800108c       0x18 C:\stay-on-main\stm32f103\target\thumbv7m-none-eabi\debug\deps\stm32f103-d8df0dc61f79641e.1lnyj2xp0jzj5wo9.rcgu.o

.rodata..L__unnamed_53
                0x080010a4       0x18
 .rodata..L__unnamed_53
                0x080010a4       0x18 C:\stay-on-main\stm32f103\target\thumbv7m-none-eabi\debug\deps\stm32f103-d8df0dc61f79641e.1lnyj2xp0jzj5wo9.rcgu.o

.rodata..L__unnamed_51
                0x080010bc       0x18
 .rodata..L__unnamed_51
                0x080010bc       0x18 C:\stay-on-main\stm32f103\target\thumbv7m-none-eabi\debug\deps\stm32f103-d8df0dc61f79641e.1lnyj2xp0jzj5wo9.rcgu.o

.rodata..L__unnamed_54
                0x080010d4       0x18
 .rodata..L__unnamed_54
                0x080010d4       0x18 C:\stay-on-main\stm32f103\target\thumbv7m-none-eabi\debug\deps\stm32f103-d8df0dc61f79641e.1lnyj2xp0jzj5wo9.rcgu.o

.rodata.str.5   0x080010f0       0x1a
 .rodata.str.5  0x080010f0       0x1a C:\stay-on-main\stm32f103\target\thumbv7m-none-eabi\debug\deps\stm32f103-d8df0dc61f79641e.1lnyj2xp0jzj5wo9.rcgu.o

.rodata..L__unnamed_42
                0x0800110c       0x18
 .rodata..L__unnamed_42
                0x0800110c       0x18 C:\stay-on-main\stm32f103\target\thumbv7m-none-eabi\debug\deps\stm32f103-d8df0dc61f79641e.1lnyj2xp0jzj5wo9.rcgu.o

.rodata..L__unnamed_41
                0x08001124       0x18
 .rodata..L__unnamed_41
                0x08001124       0x18 C:\stay-on-main\stm32f103\target\thumbv7m-none-eabi\debug\deps\stm32f103-d8df0dc61f79641e.1lnyj2xp0jzj5wo9.rcgu.o

.rodata..L__unnamed_38
                0x0800113c       0x18
 .rodata..L__unnamed_38
                0x0800113c       0x18 C:\stay-on-main\stm32f103\target\thumbv7m-none-eabi\debug\deps\stm32f103-d8df0dc61f79641e.1lnyj2xp0jzj5wo9.rcgu.o

.rodata..L__unnamed_39
                0x08001154       0x18
 .rodata..L__unnamed_39
                0x08001154       0x18 C:\stay-on-main\stm32f103\target\thumbv7m-none-eabi\debug\deps\stm32f103-d8df0dc61f79641e.1lnyj2xp0jzj5wo9.rcgu.o

.rodata..L__unnamed_37
                0x0800116c       0x18
 .rodata..L__unnamed_37
                0x0800116c       0x18 C:\stay-on-main\stm32f103\target\thumbv7m-none-eabi\debug\deps\stm32f103-d8df0dc61f79641e.1lnyj2xp0jzj5wo9.rcgu.o

.rodata..L__unnamed_40
                0x08001184       0x18
 .rodata..L__unnamed_40
                0x08001184       0x18 C:\stay-on-main\stm32f103\target\thumbv7m-none-eabi\debug\deps\stm32f103-d8df0dc61f79641e.1lnyj2xp0jzj5wo9.rcgu.o

.rodata..L__unnamed_30
                0x0800119c       0x18
 .rodata..L__unnamed_30
                0x0800119c       0x18 C:\stay-on-main\stm32f103\target\thumbv7m-none-eabi\debug\deps\stm32f103-d8df0dc61f79641e.1lnyj2xp0jzj5wo9.rcgu.o

.rodata..L__unnamed_31
                0x080011b4       0x18
 .rodata..L__unnamed_31
                0x080011b4       0x18 C:\stay-on-main\stm32f103\target\thumbv7m-none-eabi\debug\deps\stm32f103-d8df0dc61f79641e.1lnyj2xp0jzj5wo9.rcgu.o

.rodata..L__unnamed_32
                0x080011cc       0x18
 .rodata..L__unnamed_32
                0x080011cc       0x18 C:\stay-on-main\stm32f103\target\thumbv7m-none-eabi\debug\deps\stm32f103-d8df0dc61f79641e.1lnyj2xp0jzj5wo9.rcgu.o

.rodata..L__unnamed_33
                0x080011e4       0x18
 .rodata..L__unnamed_33
                0x080011e4       0x18 C:\stay-on-main\stm32f103\target\thumbv7m-none-eabi\debug\deps\stm32f103-d8df0dc61f79641e.1lnyj2xp0jzj5wo9.rcgu.o

.rodata..L__unnamed_29
                0x080011fc       0x18
 .rodata..L__unnamed_29
                0x080011fc       0x18 C:\stay-on-main\stm32f103\target\thumbv7m-none-eabi\debug\deps\stm32f103-d8df0dc61f79641e.1lnyj2xp0jzj5wo9.rcgu.o

.rodata..L__unnamed_34
                0x08001214       0x18
 .rodata..L__unnamed_34
                0x08001214       0x18 C:\stay-on-main\stm32f103\target\thumbv7m-none-eabi\debug\deps\stm32f103-d8df0dc61f79641e.1lnyj2xp0jzj5wo9.rcgu.o

.rodata..L__unnamed_20
                0x0800122c       0x18
 .rodata..L__unnamed_20
                0x0800122c       0x18 C:\stay-on-main\stm32f103\target\thumbv7m-none-eabi\debug\deps\stm32f103-d8df0dc61f79641e.1lnyj2xp0jzj5wo9.rcgu.o

.rodata..L__unnamed_21
                0x08001244       0x18
 .rodata..L__unnamed_21
                0x08001244       0x18 C:\stay-on-main\stm32f103\target\thumbv7m-none-eabi\debug\deps\stm32f103-d8df0dc61f79641e.1lnyj2xp0jzj5wo9.rcgu.o

.rodata..L__unnamed_23
                0x0800125c       0x18
 .rodata..L__unnamed_23
                0x0800125c       0x18 C:\stay-on-main\stm32f103\target\thumbv7m-none-eabi\debug\deps\stm32f103-d8df0dc61f79641e.1lnyj2xp0jzj5wo9.rcgu.o

.rodata..L__unnamed_24
                0x08001274       0x18
 .rodata..L__unnamed_24
                0x08001274       0x18 C:\stay-on-main\stm32f103\target\thumbv7m-none-eabi\debug\deps\stm32f103-d8df0dc61f79641e.1lnyj2xp0jzj5wo9.rcgu.o

.rodata..L__unnamed_35
                0x0800128c       0x18
 .rodata..L__unnamed_35
                0x0800128c       0x18 C:\stay-on-main\stm32f103\target\thumbv7m-none-eabi\debug\deps\stm32f103-d8df0dc61f79641e.1lnyj2xp0jzj5wo9.rcgu.o

.rodata..L__unnamed_36
                0x080012a4       0x18
 .rodata..L__unnamed_36
                0x080012a4       0x18 C:\stay-on-main\stm32f103\target\thumbv7m-none-eabi\debug\deps\stm32f103-d8df0dc61f79641e.1lnyj2xp0jzj5wo9.rcgu.o

.rodata..L__unnamed_19
                0x080012bc       0x18
 .rodata..L__unnamed_19
                0x080012bc       0x18 C:\stay-on-main\stm32f103\target\thumbv7m-none-eabi\debug\deps\stm32f103-d8df0dc61f79641e.1lnyj2xp0jzj5wo9.rcgu.o

.rodata..L__unnamed_22
                0x080012d4       0x18
 .rodata..L__unnamed_22
                0x080012d4       0x18 C:\stay-on-main\stm32f103\target\thumbv7m-none-eabi\debug\deps\stm32f103-d8df0dc61f79641e.1lnyj2xp0jzj5wo9.rcgu.o

.rodata..L__unnamed_26
                0x080012ec       0x18
 .rodata..L__unnamed_26
                0x080012ec       0x18 C:\stay-on-main\stm32f103\target\thumbv7m-none-eabi\debug\deps\stm32f103-d8df0dc61f79641e.1lnyj2xp0jzj5wo9.rcgu.o

.rodata..L__unnamed_27
                0x08001304       0x18
 .rodata..L__unnamed_27
                0x08001304       0x18 C:\stay-on-main\stm32f103\target\thumbv7m-none-eabi\debug\deps\stm32f103-d8df0dc61f79641e.1lnyj2xp0jzj5wo9.rcgu.o

.rodata..L__unnamed_25
                0x0800131c       0x18
 .rodata..L__unnamed_25
                0x0800131c       0x18 C:\stay-on-main\stm32f103\target\thumbv7m-none-eabi\debug\deps\stm32f103-d8df0dc61f79641e.1lnyj2xp0jzj5wo9.rcgu.o

.rodata..L__unnamed_28
                0x08001334       0x18
 .rodata..L__unnamed_28
                0x08001334       0x18 C:\stay-on-main\stm32f103\target\thumbv7m-none-eabi\debug\deps\stm32f103-d8df0dc61f79641e.1lnyj2xp0jzj5wo9.rcgu.o

.rodata.str.6   0x0800134c        0xb
 .rodata.str.6  0x0800134c        0xb C:\stay-on-main\stm32f103\target\thumbv7m-none-eabi\debug\deps\stm32f103-d8df0dc61f79641e.1lnyj2xp0jzj5wo9.rcgu.o

.rodata..L__unnamed_55
                0x08001358       0x18
 .rodata..L__unnamed_55
                0x08001358       0x18 C:\stay-on-main\stm32f103\target\thumbv7m-none-eabi\debug\deps\stm32f103-d8df0dc61f79641e.1lnyj2xp0jzj5wo9.rcgu.o

.rodata..Lanon.2923166e0a1dc33d57b7aca9d1bd722e.71
                0x08001370        0x0
 .rodata..Lanon.2923166e0a1dc33d57b7aca9d1bd722e.71
                0x08001370        0x0 C:\Users\stay-on-main\.rustup\toolchains\stable-x86_64-pc-windows-msvc\lib\rustlib\thumbv7m-none-eabi\lib\libcore-8010f7064010be9c.rlib(core-8010f7064010be9c.core.5h9aq91n-cgu.0.rcgu.o)

.rodata..Lanon.2923166e0a1dc33d57b7aca9d1bd722e.139
                0x08001370       0x10
 .rodata..Lanon.2923166e0a1dc33d57b7aca9d1bd722e.139
                0x08001370       0x10 C:\Users\stay-on-main\.rustup\toolchains\stable-x86_64-pc-windows-msvc\lib\rustlib\thumbv7m-none-eabi\lib\libcore-8010f7064010be9c.rlib(core-8010f7064010be9c.core.5h9aq91n-cgu.0.rcgu.o)

.glue_7         0x08001380        0x0
 .glue_7        0x08001380        0x0 linker stubs

.glue_7t        0x08001380        0x0
 .glue_7t       0x08001380        0x0 linker stubs

.vfp11_veneer   0x08001380        0x0
 .vfp11_veneer  0x08001380        0x0 linker stubs

.v4_bx          0x08001380        0x0
 .v4_bx         0x08001380        0x0 linker stubs

.iplt           0x08001380        0x0
 .iplt          0x08001380        0x0 C:\stay-on-main\stm32f103\target\thumbv7m-none-eabi\debug\deps\stm32f103-d8df0dc61f79641e.1lnyj2xp0jzj5wo9.rcgu.o

.rel.dyn        0x08001380        0x0
 .rel.iplt      0x08001380        0x0 C:\stay-on-main\stm32f103\target\thumbv7m-none-eabi\debug\deps\stm32f103-d8df0dc61f79641e.1lnyj2xp0jzj5wo9.rcgu.o

.data           0x20000000        0x0
 *(.data)
 .data          0x20000000        0x0 C:\Users\stay-on-main\.rustup\toolchains\stable-x86_64-pc-windows-msvc\lib\rustlib\thumbv7m-none-eabi\lib\libcompiler_builtins-26b11cd3df3b5c44.rlib(divmodsi4.o)
 .data          0x20000000        0x0 C:\Users\stay-on-main\.rustup\toolchains\stable-x86_64-pc-windows-msvc\lib\rustlib\thumbv7m-none-eabi\lib\libcompiler_builtins-26b11cd3df3b5c44.rlib(modsi3.o)
 .data          0x20000000        0x0 C:\Users\stay-on-main\.rustup\toolchains\stable-x86_64-pc-windows-msvc\lib\rustlib\thumbv7m-none-eabi\lib\libcompiler_builtins-26b11cd3df3b5c44.rlib(udivmodsi4.o)
 .data          0x20000000        0x0 C:\Users\stay-on-main\.rustup\toolchains\stable-x86_64-pc-windows-msvc\lib\rustlib\thumbv7m-none-eabi\lib\libcompiler_builtins-26b11cd3df3b5c44.rlib(umodsi3.o)
 .data          0x20000000        0x0 C:\Users\stay-on-main\.rustup\toolchains\stable-x86_64-pc-windows-msvc\lib\rustlib\thumbv7m-none-eabi\lib\libcompiler_builtins-26b11cd3df3b5c44.rlib(aeabi_div0.o)
 *(.data.*)

.igot.plt       0x20000000        0x0
 .igot.plt      0x20000000        0x0 C:\stay-on-main\stm32f103\target\thumbv7m-none-eabi\debug\deps\stm32f103-d8df0dc61f79641e.1lnyj2xp0jzj5wo9.rcgu.o

.bss            0x20000000        0x0
                0x20000000                _sbss = .
 *(.bss .bss.*)
                0x20000000                _ebss = ALIGN (0x4)

/DISCARD/
 *(.ARM.exidx.*)
OUTPUT(C:\stay-on-main\stm32f103\target\thumbv7m-none-eabi\debug\deps\stm32f103-d8df0dc61f79641e elf32-littlearm)

.debug_str      0x00000000     0x801e
 .debug_str     0x00000000      0xdfb C:\stay-on-main\stm32f103\target\thumbv7m-none-eabi\debug\deps\stm32f103-d8df0dc61f79641e.1lnyj2xp0jzj5wo9.rcgu.o
                                0xe3c (size before relaxing)
 .debug_str     0x00000dfb      0x525 C:\stay-on-main\stm32f103\target\thumbv7m-none-eabi\debug\deps\stm32f103-d8df0dc61f79641e.2fgiu903arh8yzmg.rcgu.o
                                0x654 (size before relaxing)
 .debug_str     0x00001320     0x6cfe C:\Users\stay-on-main\.rustup\toolchains\stable-x86_64-pc-windows-msvc\lib\rustlib\thumbv7m-none-eabi\lib\libcore-8010f7064010be9c.rlib(core-8010f7064010be9c.core.5h9aq91n-cgu.0.rcgu.o)
                               0x79bc (size before relaxing)

.debug_abbrev   0x00000000      0x448
 .debug_abbrev  0x00000000      0x120 C:\stay-on-main\stm32f103\target\thumbv7m-none-eabi\debug\deps\stm32f103-d8df0dc61f79641e.1lnyj2xp0jzj5wo9.rcgu.o
 .debug_abbrev  0x00000120      0x14f C:\stay-on-main\stm32f103\target\thumbv7m-none-eabi\debug\deps\stm32f103-d8df0dc61f79641e.2fgiu903arh8yzmg.rcgu.o
 .debug_abbrev  0x0000026f      0x1d9 C:\Users\stay-on-main\.rustup\toolchains\stable-x86_64-pc-windows-msvc\lib\rustlib\thumbv7m-none-eabi\lib\libcore-8010f7064010be9c.rlib(core-8010f7064010be9c.core.5h9aq91n-cgu.0.rcgu.o)

.debug_info     0x00000000    0x192d4
 .debug_info    0x00000000      0xc42 C:\stay-on-main\stm32f103\target\thumbv7m-none-eabi\debug\deps\stm32f103-d8df0dc61f79641e.1lnyj2xp0jzj5wo9.rcgu.o
 .debug_info    0x00000c42      0x6c0 C:\stay-on-main\stm32f103\target\thumbv7m-none-eabi\debug\deps\stm32f103-d8df0dc61f79641e.2fgiu903arh8yzmg.rcgu.o
 .debug_info    0x00001302    0x17fd2 C:\Users\stay-on-main\.rustup\toolchains\stable-x86_64-pc-windows-msvc\lib\rustlib\thumbv7m-none-eabi\lib\libcore-8010f7064010be9c.rlib(core-8010f7064010be9c.core.5h9aq91n-cgu.0.rcgu.o)

.debug_ranges   0x00000000    0x10dc0
 .debug_ranges  0x00000000       0x20 C:\stay-on-main\stm32f103\target\thumbv7m-none-eabi\debug\deps\stm32f103-d8df0dc61f79641e.1lnyj2xp0jzj5wo9.rcgu.o
 .debug_ranges  0x00000020       0x70 C:\stay-on-main\stm32f103\target\thumbv7m-none-eabi\debug\deps\stm32f103-d8df0dc61f79641e.2fgiu903arh8yzmg.rcgu.o
 .debug_ranges  0x00000090    0x10d30 C:\Users\stay-on-main\.rustup\toolchains\stable-x86_64-pc-windows-msvc\lib\rustlib\thumbv7m-none-eabi\lib\libcore-8010f7064010be9c.rlib(core-8010f7064010be9c.core.5h9aq91n-cgu.0.rcgu.o)

.debug_macinfo  0x00000000        0x3
 .debug_macinfo
                0x00000000        0x1 C:\stay-on-main\stm32f103\target\thumbv7m-none-eabi\debug\deps\stm32f103-d8df0dc61f79641e.1lnyj2xp0jzj5wo9.rcgu.o
 .debug_macinfo
                0x00000001        0x1 C:\stay-on-main\stm32f103\target\thumbv7m-none-eabi\debug\deps\stm32f103-d8df0dc61f79641e.2fgiu903arh8yzmg.rcgu.o
 .debug_macinfo
                0x00000002        0x1 C:\Users\stay-on-main\.rustup\toolchains\stable-x86_64-pc-windows-msvc\lib\rustlib\thumbv7m-none-eabi\lib\libcore-8010f7064010be9c.rlib(core-8010f7064010be9c.core.5h9aq91n-cgu.0.rcgu.o)

.debug_pubnames
                0x00000000      0x2ed
 .debug_pubnames
                0x00000000      0x1e3 C:\stay-on-main\stm32f103\target\thumbv7m-none-eabi\debug\deps\stm32f103-d8df0dc61f79641e.1lnyj2xp0jzj5wo9.rcgu.o
 .debug_pubnames
                0x000001e3      0x10a C:\stay-on-main\stm32f103\target\thumbv7m-none-eabi\debug\deps\stm32f103-d8df0dc61f79641e.2fgiu903arh8yzmg.rcgu.o

.debug_pubtypes
                0x00000000      0x6df
 .debug_pubtypes
                0x00000000      0x346 C:\stay-on-main\stm32f103\target\thumbv7m-none-eabi\debug\deps\stm32f103-d8df0dc61f79641e.1lnyj2xp0jzj5wo9.rcgu.o
 .debug_pubtypes
                0x00000346      0x399 C:\stay-on-main\stm32f103\target\thumbv7m-none-eabi\debug\deps\stm32f103-d8df0dc61f79641e.2fgiu903arh8yzmg.rcgu.o

.note.GNU-stack
                0x00000000        0x0
 .note.GNU-stack
                0x00000000        0x0 C:\stay-on-main\stm32f103\target\thumbv7m-none-eabi\debug\deps\stm32f103-d8df0dc61f79641e.1lnyj2xp0jzj5wo9.rcgu.o
 .note.GNU-stack
                0x00000000        0x0 C:\stay-on-main\stm32f103\target\thumbv7m-none-eabi\debug\deps\stm32f103-d8df0dc61f79641e.2fgiu903arh8yzmg.rcgu.o
 .note.GNU-stack
                0x00000000        0x0 C:\Users\stay-on-main\.rustup\toolchains\stable-x86_64-pc-windows-msvc\lib\rustlib\thumbv7m-none-eabi\lib\libcore-8010f7064010be9c.rlib(core-8010f7064010be9c.core.5h9aq91n-cgu.0.rcgu.o)

.ARM.attributes
                0x00000000       0x32
 .ARM.attributes
                0x00000000       0x32 C:\stay-on-main\stm32f103\target\thumbv7m-none-eabi\debug\deps\stm32f103-d8df0dc61f79641e.1lnyj2xp0jzj5wo9.rcgu.o
 .ARM.attributes
                0x00000032       0x32 C:\stay-on-main\stm32f103\target\thumbv7m-none-eabi\debug\deps\stm32f103-d8df0dc61f79641e.2fgiu903arh8yzmg.rcgu.o
 .ARM.attributes
                0x00000064       0x32 C:\Users\stay-on-main\.rustup\toolchains\stable-x86_64-pc-windows-msvc\lib\rustlib\thumbv7m-none-eabi\lib\libcore-8010f7064010be9c.rlib(core-8010f7064010be9c.core.5h9aq91n-cgu.0.rcgu.o)
 .ARM.attributes
                0x00000096       0x1b C:\Users\stay-on-main\.rustup\toolchains\stable-x86_64-pc-windows-msvc\lib\rustlib\thumbv7m-none-eabi\lib\libcompiler_builtins-26b11cd3df3b5c44.rlib(divmodsi4.o)
 .ARM.attributes
                0x000000b1       0x1b C:\Users\stay-on-main\.rustup\toolchains\stable-x86_64-pc-windows-msvc\lib\rustlib\thumbv7m-none-eabi\lib\libcompiler_builtins-26b11cd3df3b5c44.rlib(modsi3.o)
 .ARM.attributes
                0x000000cc       0x1b C:\Users\stay-on-main\.rustup\toolchains\stable-x86_64-pc-windows-msvc\lib\rustlib\thumbv7m-none-eabi\lib\libcompiler_builtins-26b11cd3df3b5c44.rlib(udivmodsi4.o)
 .ARM.attributes
                0x000000e7       0x1b C:\Users\stay-on-main\.rustup\toolchains\stable-x86_64-pc-windows-msvc\lib\rustlib\thumbv7m-none-eabi\lib\libcompiler_builtins-26b11cd3df3b5c44.rlib(umodsi3.o)
 .ARM.attributes
                0x00000102       0x2d C:\Users\stay-on-main\.rustup\toolchains\stable-x86_64-pc-windows-msvc\lib\rustlib\thumbv7m-none-eabi\lib\libcompiler_builtins-26b11cd3df3b5c44.rlib(aeabi_div0.o)

.comment        0x00000000       0x7f
 .comment       0x00000000       0x7f C:\Users\stay-on-main\.rustup\toolchains\stable-x86_64-pc-windows-msvc\lib\rustlib\thumbv7m-none-eabi\lib\libcompiler_builtins-26b11cd3df3b5c44.rlib(aeabi_div0.o)
                                 0x80 (size before relaxing)

.debug_frame    0x00000000     0x433c
 .debug_frame   0x00000000       0x58 C:\stay-on-main\stm32f103\target\thumbv7m-none-eabi\debug\deps\stm32f103-d8df0dc61f79641e.1lnyj2xp0jzj5wo9.rcgu.o
 .debug_frame   0x00000058       0x74 C:\stay-on-main\stm32f103\target\thumbv7m-none-eabi\debug\deps\stm32f103-d8df0dc61f79641e.2fgiu903arh8yzmg.rcgu.o
 .debug_frame   0x000000cc     0x4270 C:\Users\stay-on-main\.rustup\toolchains\stable-x86_64-pc-windows-msvc\lib\rustlib\thumbv7m-none-eabi\lib\libcore-8010f7064010be9c.rlib(core-8010f7064010be9c.core.5h9aq91n-cgu.0.rcgu.o)

.debug_line     0x00000000    0x1c240
 .debug_line    0x00000000      0x8b9 C:\stay-on-main\stm32f103\target\thumbv7m-none-eabi\debug\deps\stm32f103-d8df0dc61f79641e.1lnyj2xp0jzj5wo9.rcgu.o
 .debug_line    0x000008b9       0xca C:\stay-on-main\stm32f103\target\thumbv7m-none-eabi\debug\deps\stm32f103-d8df0dc61f79641e.2fgiu903arh8yzmg.rcgu.o
 .debug_line    0x00000983    0x1b8bd C:\Users\stay-on-main\.rustup\toolchains\stable-x86_64-pc-windows-msvc\lib\rustlib\thumbv7m-none-eabi\lib\libcore-8010f7064010be9c.rlib(core-8010f7064010be9c.core.5h9aq91n-cgu.0.rcgu.o)
