
Discarded input sections

 .text          0x00000000        0x0 D:\stay-on-main\stm32f103\target\thumbv7m-none-eabi\release\deps\stm32f103-1d1b90d2c90ff25a.stm32f103.csg4pax8-cgu.0.rcgu.o
 .ARM.exidx.text._ZN9stm32f1037display4init17he7bbde68639c5135E
                0x00000000        0x8 D:\stay-on-main\stm32f103\target\thumbv7m-none-eabi\release\deps\stm32f103-1d1b90d2c90ff25a.stm32f103.csg4pax8-cgu.0.rcgu.o
 .ARM.exidx.text._ZN9stm32f1037display10set_window17h9a2ab4d427a50f00E
                0x00000000        0x8 D:\stay-on-main\stm32f103\target\thumbv7m-none-eabi\release\deps\stm32f103-1d1b90d2c90ff25a.stm32f103.csg4pax8-cgu.0.rcgu.o
 .text._ZN9stm32f1037display5write17h4841cfc1e6d4214cE
                0x00000000      0x13c D:\stay-on-main\stm32f103\target\thumbv7m-none-eabi\release\deps\stm32f103-1d1b90d2c90ff25a.stm32f103.csg4pax8-cgu.0.rcgu.o
 .ARM.exidx.text._ZN9stm32f1037display5write17h4841cfc1e6d4214cE
                0x00000000        0x8 D:\stay-on-main\stm32f103\target\thumbv7m-none-eabi\release\deps\stm32f103-1d1b90d2c90ff25a.stm32f103.csg4pax8-cgu.0.rcgu.o
 .text          0x00000000        0x0 D:\stay-on-main\stm32f103\target\thumbv7m-none-eabi\release\deps\stm32f103-1d1b90d2c90ff25a.stm32f103.csg4pax8-cgu.1.rcgu.o
 .text._ZN9stm32f1033spi4init17he7659d3fd5a9f16dE
                0x00000000       0xaa D:\stay-on-main\stm32f103\target\thumbv7m-none-eabi\release\deps\stm32f103-1d1b90d2c90ff25a.stm32f103.csg4pax8-cgu.1.rcgu.o
 .ARM.exidx.text._ZN9stm32f1033spi4init17he7659d3fd5a9f16dE
                0x00000000        0x8 D:\stay-on-main\stm32f103\target\thumbv7m-none-eabi\release\deps\stm32f103-1d1b90d2c90ff25a.stm32f103.csg4pax8-cgu.1.rcgu.o
 .text._ZN9stm32f1033spi5write17h39d287520061ebc1E
                0x00000000       0x60 D:\stay-on-main\stm32f103\target\thumbv7m-none-eabi\release\deps\stm32f103-1d1b90d2c90ff25a.stm32f103.csg4pax8-cgu.1.rcgu.o
 .ARM.exidx.text._ZN9stm32f1033spi5write17h39d287520061ebc1E
                0x00000000        0x8 D:\stay-on-main\stm32f103\target\thumbv7m-none-eabi\release\deps\stm32f103-1d1b90d2c90ff25a.stm32f103.csg4pax8-cgu.1.rcgu.o
 .text._ZN9stm32f1033spi11write_bytes17h1dd22c33b2571640E
                0x00000000       0x7a D:\stay-on-main\stm32f103\target\thumbv7m-none-eabi\release\deps\stm32f103-1d1b90d2c90ff25a.stm32f103.csg4pax8-cgu.1.rcgu.o
 .ARM.exidx.text._ZN9stm32f1033spi11write_bytes17h1dd22c33b2571640E
                0x00000000        0x8 D:\stay-on-main\stm32f103\target\thumbv7m-none-eabi\release\deps\stm32f103-1d1b90d2c90ff25a.stm32f103.csg4pax8-cgu.1.rcgu.o
 .debug_str     0x00000000      0x9e7 D:\stay-on-main\stm32f103\target\thumbv7m-none-eabi\release\deps\stm32f103-1d1b90d2c90ff25a.stm32f103.csg4pax8-cgu.1.rcgu.o
 .debug_loc     0x00000000      0x31b D:\stay-on-main\stm32f103\target\thumbv7m-none-eabi\release\deps\stm32f103-1d1b90d2c90ff25a.stm32f103.csg4pax8-cgu.1.rcgu.o
 .debug_abbrev  0x00000000      0x1aa D:\stay-on-main\stm32f103\target\thumbv7m-none-eabi\release\deps\stm32f103-1d1b90d2c90ff25a.stm32f103.csg4pax8-cgu.1.rcgu.o
 .debug_info    0x00000000     0x114f D:\stay-on-main\stm32f103\target\thumbv7m-none-eabi\release\deps\stm32f103-1d1b90d2c90ff25a.stm32f103.csg4pax8-cgu.1.rcgu.o
 .debug_ranges  0x00000000      0x290 D:\stay-on-main\stm32f103\target\thumbv7m-none-eabi\release\deps\stm32f103-1d1b90d2c90ff25a.stm32f103.csg4pax8-cgu.1.rcgu.o
 .debug_macinfo
                0x00000000        0x1 D:\stay-on-main\stm32f103\target\thumbv7m-none-eabi\release\deps\stm32f103-1d1b90d2c90ff25a.stm32f103.csg4pax8-cgu.1.rcgu.o
 .debug_pubnames
                0x00000000      0x220 D:\stay-on-main\stm32f103\target\thumbv7m-none-eabi\release\deps\stm32f103-1d1b90d2c90ff25a.stm32f103.csg4pax8-cgu.1.rcgu.o
 .debug_pubtypes
                0x00000000       0xb8 D:\stay-on-main\stm32f103\target\thumbv7m-none-eabi\release\deps\stm32f103-1d1b90d2c90ff25a.stm32f103.csg4pax8-cgu.1.rcgu.o
 .note.GNU-stack
                0x00000000        0x0 D:\stay-on-main\stm32f103\target\thumbv7m-none-eabi\release\deps\stm32f103-1d1b90d2c90ff25a.stm32f103.csg4pax8-cgu.1.rcgu.o
 .ARM.attributes
                0x00000000       0x32 D:\stay-on-main\stm32f103\target\thumbv7m-none-eabi\release\deps\stm32f103-1d1b90d2c90ff25a.stm32f103.csg4pax8-cgu.1.rcgu.o
 .debug_frame   0x00000000       0x44 D:\stay-on-main\stm32f103\target\thumbv7m-none-eabi\release\deps\stm32f103-1d1b90d2c90ff25a.stm32f103.csg4pax8-cgu.1.rcgu.o
 .debug_line    0x00000000      0x42f D:\stay-on-main\stm32f103\target\thumbv7m-none-eabi\release\deps\stm32f103-1d1b90d2c90ff25a.stm32f103.csg4pax8-cgu.1.rcgu.o
 .text          0x00000000        0x0 D:\stay-on-main\stm32f103\target\thumbv7m-none-eabi\release\deps\stm32f103-1d1b90d2c90ff25a.stm32f103.csg4pax8-cgu.10.rcgu.o
 .text._ZN4core5slice87_$LT$impl$u20$core..iter..traits..collect..IntoIterator$u20$for$u20$$RF$$u5b$T$u5d$$GT$9into_iter17h5979589cb1a599f9E
                0x00000000        0x4 D:\stay-on-main\stm32f103\target\thumbv7m-none-eabi\release\deps\stm32f103-1d1b90d2c90ff25a.stm32f103.csg4pax8-cgu.10.rcgu.o
 .ARM.exidx.text._ZN4core5slice87_$LT$impl$u20$core..iter..traits..collect..IntoIterator$u20$for$u20$$RF$$u5b$T$u5d$$GT$9into_iter17h5979589cb1a599f9E
                0x00000000        0x8 D:\stay-on-main\stm32f103\target\thumbv7m-none-eabi\release\deps\stm32f103-1d1b90d2c90ff25a.stm32f103.csg4pax8-cgu.10.rcgu.o
 .text._ZN4core5slice87_$LT$impl$u20$core..iter..traits..collect..IntoIterator$u20$for$u20$$RF$$u5b$T$u5d$$GT$9into_iter17hfb381e05094eb29cE
                0x00000000        0x6 D:\stay-on-main\stm32f103\target\thumbv7m-none-eabi\release\deps\stm32f103-1d1b90d2c90ff25a.stm32f103.csg4pax8-cgu.10.rcgu.o
 .ARM.exidx.text._ZN4core5slice87_$LT$impl$u20$core..iter..traits..collect..IntoIterator$u20$for$u20$$RF$$u5b$T$u5d$$GT$9into_iter17hfb381e05094eb29cE
                0x00000000        0x8 D:\stay-on-main\stm32f103\target\thumbv7m-none-eabi\release\deps\stm32f103-1d1b90d2c90ff25a.stm32f103.csg4pax8-cgu.10.rcgu.o
 .text._ZN63_$LT$I$u20$as$u20$core..iter..traits..collect..IntoIterator$GT$9into_iter17h44511f967fb9ade5E
                0x00000000        0x2 D:\stay-on-main\stm32f103\target\thumbv7m-none-eabi\release\deps\stm32f103-1d1b90d2c90ff25a.stm32f103.csg4pax8-cgu.10.rcgu.o
 .ARM.exidx.text._ZN63_$LT$I$u20$as$u20$core..iter..traits..collect..IntoIterator$GT$9into_iter17h44511f967fb9ade5E
                0x00000000        0x8 D:\stay-on-main\stm32f103\target\thumbv7m-none-eabi\release\deps\stm32f103-1d1b90d2c90ff25a.stm32f103.csg4pax8-cgu.10.rcgu.o
 .text._ZN9stm32f10312pherepherial3rcc4cfgr3sws3get17hd57913921ce4e386E
                0x00000000       0x10 D:\stay-on-main\stm32f103\target\thumbv7m-none-eabi\release\deps\stm32f103-1d1b90d2c90ff25a.stm32f103.csg4pax8-cgu.10.rcgu.o
 .ARM.exidx.text._ZN9stm32f10312pherepherial3rcc4cfgr3sws3get17hd57913921ce4e386E
                0x00000000        0x8 D:\stay-on-main\stm32f103\target\thumbv7m-none-eabi\release\deps\stm32f103-1d1b90d2c90ff25a.stm32f103.csg4pax8-cgu.10.rcgu.o
 .text._ZN9stm32f10312pherepherial5flash3acr6prftbe3set17h93bf8cde5acd79c6E
                0x00000000       0x12 D:\stay-on-main\stm32f103\target\thumbv7m-none-eabi\release\deps\stm32f103-1d1b90d2c90ff25a.stm32f103.csg4pax8-cgu.10.rcgu.o
 .ARM.exidx.text._ZN9stm32f10312pherepherial5flash3acr6prftbe3set17h93bf8cde5acd79c6E
                0x00000000        0x8 D:\stay-on-main\stm32f103\target\thumbv7m-none-eabi\release\deps\stm32f103-1d1b90d2c90ff25a.stm32f103.csg4pax8-cgu.10.rcgu.o
 .text._ZN9stm32f10312pherepherial3stk5load_6reload3set17h8c19265fd44974f9E
                0x00000000       0x12 D:\stay-on-main\stm32f103\target\thumbv7m-none-eabi\release\deps\stm32f103-1d1b90d2c90ff25a.stm32f103.csg4pax8-cgu.10.rcgu.o
 .ARM.exidx.text._ZN9stm32f10312pherepherial3stk5load_6reload3set17h8c19265fd44974f9E
                0x00000000        0x8 D:\stay-on-main\stm32f103\target\thumbv7m-none-eabi\release\deps\stm32f103-1d1b90d2c90ff25a.stm32f103.csg4pax8-cgu.10.rcgu.o
 .text._ZN9stm32f10312pherepherial4spi13cr14cpha3set17h3bc2aa5f59111b41E
                0x00000000       0x12 D:\stay-on-main\stm32f103\target\thumbv7m-none-eabi\release\deps\stm32f103-1d1b90d2c90ff25a.stm32f103.csg4pax8-cgu.10.rcgu.o
 .ARM.exidx.text._ZN9stm32f10312pherepherial4spi13cr14cpha3set17h3bc2aa5f59111b41E
                0x00000000        0x8 D:\stay-on-main\stm32f103\target\thumbv7m-none-eabi\release\deps\stm32f103-1d1b90d2c90ff25a.stm32f103.csg4pax8-cgu.10.rcgu.o
 .text._ZN9stm32f10312pherepherial4spi12sr4rxne3get17hb6f9b52547d796f1E
                0x00000000       0x10 D:\stay-on-main\stm32f103\target\thumbv7m-none-eabi\release\deps\stm32f103-1d1b90d2c90ff25a.stm32f103.csg4pax8-cgu.10.rcgu.o
 .ARM.exidx.text._ZN9stm32f10312pherepherial4spi12sr4rxne3get17hb6f9b52547d796f1E
                0x00000000        0x8 D:\stay-on-main\stm32f103\target\thumbv7m-none-eabi\release\deps\stm32f103-1d1b90d2c90ff25a.stm32f103.csg4pax8-cgu.10.rcgu.o
 .debug_str     0x00000000      0x7fd D:\stay-on-main\stm32f103\target\thumbv7m-none-eabi\release\deps\stm32f103-1d1b90d2c90ff25a.stm32f103.csg4pax8-cgu.10.rcgu.o
 .debug_loc     0x00000000      0x157 D:\stay-on-main\stm32f103\target\thumbv7m-none-eabi\release\deps\stm32f103-1d1b90d2c90ff25a.stm32f103.csg4pax8-cgu.10.rcgu.o
 .debug_abbrev  0x00000000      0x176 D:\stay-on-main\stm32f103\target\thumbv7m-none-eabi\release\deps\stm32f103-1d1b90d2c90ff25a.stm32f103.csg4pax8-cgu.10.rcgu.o
 .debug_info    0x00000000      0x78a D:\stay-on-main\stm32f103\target\thumbv7m-none-eabi\release\deps\stm32f103-1d1b90d2c90ff25a.stm32f103.csg4pax8-cgu.10.rcgu.o
 .debug_ranges  0x00000000       0x48 D:\stay-on-main\stm32f103\target\thumbv7m-none-eabi\release\deps\stm32f103-1d1b90d2c90ff25a.stm32f103.csg4pax8-cgu.10.rcgu.o
 .debug_macinfo
                0x00000000        0x1 D:\stay-on-main\stm32f103\target\thumbv7m-none-eabi\release\deps\stm32f103-1d1b90d2c90ff25a.stm32f103.csg4pax8-cgu.10.rcgu.o
 .debug_pubnames
                0x00000000      0x203 D:\stay-on-main\stm32f103\target\thumbv7m-none-eabi\release\deps\stm32f103-1d1b90d2c90ff25a.stm32f103.csg4pax8-cgu.10.rcgu.o
 .debug_pubtypes
                0x00000000      0x18f D:\stay-on-main\stm32f103\target\thumbv7m-none-eabi\release\deps\stm32f103-1d1b90d2c90ff25a.stm32f103.csg4pax8-cgu.10.rcgu.o
 .note.GNU-stack
                0x00000000        0x0 D:\stay-on-main\stm32f103\target\thumbv7m-none-eabi\release\deps\stm32f103-1d1b90d2c90ff25a.stm32f103.csg4pax8-cgu.10.rcgu.o
 .ARM.attributes
                0x00000000       0x32 D:\stay-on-main\stm32f103\target\thumbv7m-none-eabi\release\deps\stm32f103-1d1b90d2c90ff25a.stm32f103.csg4pax8-cgu.10.rcgu.o
 .debug_frame   0x00000000       0x94 D:\stay-on-main\stm32f103\target\thumbv7m-none-eabi\release\deps\stm32f103-1d1b90d2c90ff25a.stm32f103.csg4pax8-cgu.10.rcgu.o
 .debug_line    0x00000000      0x282 D:\stay-on-main\stm32f103\target\thumbv7m-none-eabi\release\deps\stm32f103-1d1b90d2c90ff25a.stm32f103.csg4pax8-cgu.10.rcgu.o
 .text          0x00000000        0x0 D:\stay-on-main\stm32f103\target\thumbv7m-none-eabi\release\deps\stm32f103-1d1b90d2c90ff25a.stm32f103.csg4pax8-cgu.11.rcgu.o
 .text._ZN9stm32f10312pherepherial3rcc4cfgr2sw3set17h26acc03714758b7bE
                0x00000000       0x12 D:\stay-on-main\stm32f103\target\thumbv7m-none-eabi\release\deps\stm32f103-1d1b90d2c90ff25a.stm32f103.csg4pax8-cgu.11.rcgu.o
 .ARM.exidx.text._ZN9stm32f10312pherepherial3rcc4cfgr2sw3set17h26acc03714758b7bE
                0x00000000        0x8 D:\stay-on-main\stm32f103\target\thumbv7m-none-eabi\release\deps\stm32f103-1d1b90d2c90ff25a.stm32f103.csg4pax8-cgu.11.rcgu.o
 .text._ZN9stm32f10312pherepherial3rcc7apb2enr6afioen3set17h261d721ee2a05b06E
                0x00000000       0x12 D:\stay-on-main\stm32f103\target\thumbv7m-none-eabi\release\deps\stm32f103-1d1b90d2c90ff25a.stm32f103.csg4pax8-cgu.11.rcgu.o
 .ARM.exidx.text._ZN9stm32f10312pherepherial3rcc7apb2enr6afioen3set17h261d721ee2a05b06E
                0x00000000        0x8 D:\stay-on-main\stm32f103\target\thumbv7m-none-eabi\release\deps\stm32f103-1d1b90d2c90ff25a.stm32f103.csg4pax8-cgu.11.rcgu.o
 .text._ZN9stm32f10312pherepherial5gpiob3crh5mode83set17h448f1a513650e508E
                0x00000000       0x12 D:\stay-on-main\stm32f103\target\thumbv7m-none-eabi\release\deps\stm32f103-1d1b90d2c90ff25a.stm32f103.csg4pax8-cgu.11.rcgu.o
 .ARM.exidx.text._ZN9stm32f10312pherepherial5gpiob3crh5mode83set17h448f1a513650e508E
                0x00000000        0x8 D:\stay-on-main\stm32f103\target\thumbv7m-none-eabi\release\deps\stm32f103-1d1b90d2c90ff25a.stm32f103.csg4pax8-cgu.11.rcgu.o
 .text._ZN9stm32f10312pherepherial4afio4mapr10spi1_remap3set17h4dc8a7ff18b86d53E
                0x00000000       0x10 D:\stay-on-main\stm32f103\target\thumbv7m-none-eabi\release\deps\stm32f103-1d1b90d2c90ff25a.stm32f103.csg4pax8-cgu.11.rcgu.o
 .ARM.exidx.text._ZN9stm32f10312pherepherial4afio4mapr10spi1_remap3set17h4dc8a7ff18b86d53E
                0x00000000        0x8 D:\stay-on-main\stm32f103\target\thumbv7m-none-eabi\release\deps\stm32f103-1d1b90d2c90ff25a.stm32f103.csg4pax8-cgu.11.rcgu.o
 .debug_str     0x00000000      0x28a D:\stay-on-main\stm32f103\target\thumbv7m-none-eabi\release\deps\stm32f103-1d1b90d2c90ff25a.stm32f103.csg4pax8-cgu.11.rcgu.o
 .debug_loc     0x00000000       0x4c D:\stay-on-main\stm32f103\target\thumbv7m-none-eabi\release\deps\stm32f103-1d1b90d2c90ff25a.stm32f103.csg4pax8-cgu.11.rcgu.o
 .debug_abbrev  0x00000000      0x105 D:\stay-on-main\stm32f103\target\thumbv7m-none-eabi\release\deps\stm32f103-1d1b90d2c90ff25a.stm32f103.csg4pax8-cgu.11.rcgu.o
 .debug_info    0x00000000      0x2b6 D:\stay-on-main\stm32f103\target\thumbv7m-none-eabi\release\deps\stm32f103-1d1b90d2c90ff25a.stm32f103.csg4pax8-cgu.11.rcgu.o
 .debug_ranges  0x00000000       0x28 D:\stay-on-main\stm32f103\target\thumbv7m-none-eabi\release\deps\stm32f103-1d1b90d2c90ff25a.stm32f103.csg4pax8-cgu.11.rcgu.o
 .debug_macinfo
                0x00000000        0x1 D:\stay-on-main\stm32f103\target\thumbv7m-none-eabi\release\deps\stm32f103-1d1b90d2c90ff25a.stm32f103.csg4pax8-cgu.11.rcgu.o
 .debug_pubnames
                0x00000000       0xe5 D:\stay-on-main\stm32f103\target\thumbv7m-none-eabi\release\deps\stm32f103-1d1b90d2c90ff25a.stm32f103.csg4pax8-cgu.11.rcgu.o
 .debug_pubtypes
                0x00000000       0x36 D:\stay-on-main\stm32f103\target\thumbv7m-none-eabi\release\deps\stm32f103-1d1b90d2c90ff25a.stm32f103.csg4pax8-cgu.11.rcgu.o
 .note.GNU-stack
                0x00000000        0x0 D:\stay-on-main\stm32f103\target\thumbv7m-none-eabi\release\deps\stm32f103-1d1b90d2c90ff25a.stm32f103.csg4pax8-cgu.11.rcgu.o
 .ARM.attributes
                0x00000000       0x32 D:\stay-on-main\stm32f103\target\thumbv7m-none-eabi\release\deps\stm32f103-1d1b90d2c90ff25a.stm32f103.csg4pax8-cgu.11.rcgu.o
 .debug_frame   0x00000000       0x54 D:\stay-on-main\stm32f103\target\thumbv7m-none-eabi\release\deps\stm32f103-1d1b90d2c90ff25a.stm32f103.csg4pax8-cgu.11.rcgu.o
 .debug_line    0x00000000      0x161 D:\stay-on-main\stm32f103\target\thumbv7m-none-eabi\release\deps\stm32f103-1d1b90d2c90ff25a.stm32f103.csg4pax8-cgu.11.rcgu.o
 .text          0x00000000        0x0 D:\stay-on-main\stm32f103\target\thumbv7m-none-eabi\release\deps\stm32f103-1d1b90d2c90ff25a.stm32f103.csg4pax8-cgu.12.rcgu.o
 .text._ZN9stm32f10312pherepherial5flash3acr7latency3set17h1cc58093d5e45447E
                0x00000000       0x12 D:\stay-on-main\stm32f103\target\thumbv7m-none-eabi\release\deps\stm32f103-1d1b90d2c90ff25a.stm32f103.csg4pax8-cgu.12.rcgu.o
 .ARM.exidx.text._ZN9stm32f10312pherepherial5flash3acr7latency3set17h1cc58093d5e45447E
                0x00000000        0x8 D:\stay-on-main\stm32f103\target\thumbv7m-none-eabi\release\deps\stm32f103-1d1b90d2c90ff25a.stm32f103.csg4pax8-cgu.12.rcgu.o
 .ARM.exidx.text.systick_handler_interrupt
                0x00000000        0x8 D:\stay-on-main\stm32f103\target\thumbv7m-none-eabi\release\deps\stm32f103-1d1b90d2c90ff25a.stm32f103.csg4pax8-cgu.12.rcgu.o
 .ARM.exidx.text._ZN9stm32f1034time4init17h37c13dd8b5d8a5e6E
                0x00000000        0x8 D:\stay-on-main\stm32f103\target\thumbv7m-none-eabi\release\deps\stm32f103-1d1b90d2c90ff25a.stm32f103.csg4pax8-cgu.12.rcgu.o
 .ARM.exidx.text._ZN9stm32f1034time8delay_ms17hfff9d35597ba9608E
                0x00000000        0x8 D:\stay-on-main\stm32f103\target\thumbv7m-none-eabi\release\deps\stm32f103-1d1b90d2c90ff25a.stm32f103.csg4pax8-cgu.12.rcgu.o
 .text          0x00000000        0x0 D:\stay-on-main\stm32f103\target\thumbv7m-none-eabi\release\deps\stm32f103-1d1b90d2c90ff25a.stm32f103.csg4pax8-cgu.13.rcgu.o
 .text._ZN9stm32f10312pherepherial4spi12sr3bsy3get17h0d7fdf52a3cc0affE
                0x00000000       0x10 D:\stay-on-main\stm32f103\target\thumbv7m-none-eabi\release\deps\stm32f103-1d1b90d2c90ff25a.stm32f103.csg4pax8-cgu.13.rcgu.o
 .ARM.exidx.text._ZN9stm32f10312pherepherial4spi12sr3bsy3get17h0d7fdf52a3cc0affE
                0x00000000        0x8 D:\stay-on-main\stm32f103\target\thumbv7m-none-eabi\release\deps\stm32f103-1d1b90d2c90ff25a.stm32f103.csg4pax8-cgu.13.rcgu.o
 .text._ZN9stm32f10312pherepherial4spi12sr3txe3get17h4f043e561209bca2E
                0x00000000       0x10 D:\stay-on-main\stm32f103\target\thumbv7m-none-eabi\release\deps\stm32f103-1d1b90d2c90ff25a.stm32f103.csg4pax8-cgu.13.rcgu.o
 .ARM.exidx.text._ZN9stm32f10312pherepherial4spi12sr3txe3get17h4f043e561209bca2E
                0x00000000        0x8 D:\stay-on-main\stm32f103\target\thumbv7m-none-eabi\release\deps\stm32f103-1d1b90d2c90ff25a.stm32f103.csg4pax8-cgu.13.rcgu.o
 .text._ZN9stm32f1036system4init17hf3ff1f72a01139a6E
                0x00000000       0xe8 D:\stay-on-main\stm32f103\target\thumbv7m-none-eabi\release\deps\stm32f103-1d1b90d2c90ff25a.stm32f103.csg4pax8-cgu.13.rcgu.o
 .ARM.exidx.text._ZN9stm32f1036system4init17hf3ff1f72a01139a6E
                0x00000000        0x8 D:\stay-on-main\stm32f103\target\thumbv7m-none-eabi\release\deps\stm32f103-1d1b90d2c90ff25a.stm32f103.csg4pax8-cgu.13.rcgu.o
 .debug_str     0x00000000      0x619 D:\stay-on-main\stm32f103\target\thumbv7m-none-eabi\release\deps\stm32f103-1d1b90d2c90ff25a.stm32f103.csg4pax8-cgu.13.rcgu.o
 .debug_loc     0x00000000      0x29b D:\stay-on-main\stm32f103\target\thumbv7m-none-eabi\release\deps\stm32f103-1d1b90d2c90ff25a.stm32f103.csg4pax8-cgu.13.rcgu.o
 .debug_abbrev  0x00000000      0x138 D:\stay-on-main\stm32f103\target\thumbv7m-none-eabi\release\deps\stm32f103-1d1b90d2c90ff25a.stm32f103.csg4pax8-cgu.13.rcgu.o
 .debug_info    0x00000000      0xaa7 D:\stay-on-main\stm32f103\target\thumbv7m-none-eabi\release\deps\stm32f103-1d1b90d2c90ff25a.stm32f103.csg4pax8-cgu.13.rcgu.o
 .debug_ranges  0x00000000      0x110 D:\stay-on-main\stm32f103\target\thumbv7m-none-eabi\release\deps\stm32f103-1d1b90d2c90ff25a.stm32f103.csg4pax8-cgu.13.rcgu.o
 .debug_macinfo
                0x00000000        0x1 D:\stay-on-main\stm32f103\target\thumbv7m-none-eabi\release\deps\stm32f103-1d1b90d2c90ff25a.stm32f103.csg4pax8-cgu.13.rcgu.o
 .debug_pubnames
                0x00000000      0x16f D:\stay-on-main\stm32f103\target\thumbv7m-none-eabi\release\deps\stm32f103-1d1b90d2c90ff25a.stm32f103.csg4pax8-cgu.13.rcgu.o
 .debug_pubtypes
                0x00000000       0x36 D:\stay-on-main\stm32f103\target\thumbv7m-none-eabi\release\deps\stm32f103-1d1b90d2c90ff25a.stm32f103.csg4pax8-cgu.13.rcgu.o
 .note.GNU-stack
                0x00000000        0x0 D:\stay-on-main\stm32f103\target\thumbv7m-none-eabi\release\deps\stm32f103-1d1b90d2c90ff25a.stm32f103.csg4pax8-cgu.13.rcgu.o
 .ARM.attributes
                0x00000000       0x32 D:\stay-on-main\stm32f103\target\thumbv7m-none-eabi\release\deps\stm32f103-1d1b90d2c90ff25a.stm32f103.csg4pax8-cgu.13.rcgu.o
 .debug_frame   0x00000000       0x44 D:\stay-on-main\stm32f103\target\thumbv7m-none-eabi\release\deps\stm32f103-1d1b90d2c90ff25a.stm32f103.csg4pax8-cgu.13.rcgu.o
 .debug_line    0x00000000      0x2b8 D:\stay-on-main\stm32f103\target\thumbv7m-none-eabi\release\deps\stm32f103-1d1b90d2c90ff25a.stm32f103.csg4pax8-cgu.13.rcgu.o
 .text          0x00000000        0x0 D:\stay-on-main\stm32f103\target\thumbv7m-none-eabi\release\deps\stm32f103-1d1b90d2c90ff25a.stm32f103.csg4pax8-cgu.14.rcgu.o
 .text._ZN9stm32f10312pherepherial5gpiob4bsrr3bs63set17h961d79d04267ff31E
                0x00000000       0x12 D:\stay-on-main\stm32f103\target\thumbv7m-none-eabi\release\deps\stm32f103-1d1b90d2c90ff25a.stm32f103.csg4pax8-cgu.14.rcgu.o
 .ARM.exidx.text._ZN9stm32f10312pherepherial5gpiob4bsrr3bs63set17h961d79d04267ff31E
                0x00000000        0x8 D:\stay-on-main\stm32f103\target\thumbv7m-none-eabi\release\deps\stm32f103-1d1b90d2c90ff25a.stm32f103.csg4pax8-cgu.14.rcgu.o
 .text._ZN9stm32f10312pherepherial5gpiob4bsrr3bs83set17h8e21ac735cf5c27aE
                0x00000000       0x14 D:\stay-on-main\stm32f103\target\thumbv7m-none-eabi\release\deps\stm32f103-1d1b90d2c90ff25a.stm32f103.csg4pax8-cgu.14.rcgu.o
 .ARM.exidx.text._ZN9stm32f10312pherepherial5gpiob4bsrr3bs83set17h8e21ac735cf5c27aE
                0x00000000        0x8 D:\stay-on-main\stm32f103\target\thumbv7m-none-eabi\release\deps\stm32f103-1d1b90d2c90ff25a.stm32f103.csg4pax8-cgu.14.rcgu.o
 .text._ZN9stm32f10312pherepherial5gpiob4bsrr3br63set17hd6b2c4a9c4340f40E
                0x00000000       0x14 D:\stay-on-main\stm32f103\target\thumbv7m-none-eabi\release\deps\stm32f103-1d1b90d2c90ff25a.stm32f103.csg4pax8-cgu.14.rcgu.o
 .ARM.exidx.text._ZN9stm32f10312pherepherial5gpiob4bsrr3br63set17hd6b2c4a9c4340f40E
                0x00000000        0x8 D:\stay-on-main\stm32f103\target\thumbv7m-none-eabi\release\deps\stm32f103-1d1b90d2c90ff25a.stm32f103.csg4pax8-cgu.14.rcgu.o
 .text._ZN9stm32f10312pherepherial5gpiob4bsrr3br83set17h562d013d8d888f8dE
                0x00000000       0x14 D:\stay-on-main\stm32f103\target\thumbv7m-none-eabi\release\deps\stm32f103-1d1b90d2c90ff25a.stm32f103.csg4pax8-cgu.14.rcgu.o
 .ARM.exidx.text._ZN9stm32f10312pherepherial5gpiob4bsrr3br83set17h562d013d8d888f8dE
                0x00000000        0x8 D:\stay-on-main\stm32f103\target\thumbv7m-none-eabi\release\deps\stm32f103-1d1b90d2c90ff25a.stm32f103.csg4pax8-cgu.14.rcgu.o
 .debug_str     0x00000000      0x20e D:\stay-on-main\stm32f103\target\thumbv7m-none-eabi\release\deps\stm32f103-1d1b90d2c90ff25a.stm32f103.csg4pax8-cgu.14.rcgu.o
 .debug_loc     0x00000000       0x4c D:\stay-on-main\stm32f103\target\thumbv7m-none-eabi\release\deps\stm32f103-1d1b90d2c90ff25a.stm32f103.csg4pax8-cgu.14.rcgu.o
 .debug_abbrev  0x00000000       0xab D:\stay-on-main\stm32f103\target\thumbv7m-none-eabi\release\deps\stm32f103-1d1b90d2c90ff25a.stm32f103.csg4pax8-cgu.14.rcgu.o
 .debug_info    0x00000000      0x21e D:\stay-on-main\stm32f103\target\thumbv7m-none-eabi\release\deps\stm32f103-1d1b90d2c90ff25a.stm32f103.csg4pax8-cgu.14.rcgu.o
 .debug_ranges  0x00000000       0x28 D:\stay-on-main\stm32f103\target\thumbv7m-none-eabi\release\deps\stm32f103-1d1b90d2c90ff25a.stm32f103.csg4pax8-cgu.14.rcgu.o
 .debug_macinfo
                0x00000000        0x1 D:\stay-on-main\stm32f103\target\thumbv7m-none-eabi\release\deps\stm32f103-1d1b90d2c90ff25a.stm32f103.csg4pax8-cgu.14.rcgu.o
 .debug_pubnames
                0x00000000       0x95 D:\stay-on-main\stm32f103\target\thumbv7m-none-eabi\release\deps\stm32f103-1d1b90d2c90ff25a.stm32f103.csg4pax8-cgu.14.rcgu.o
 .debug_pubtypes
                0x00000000       0x27 D:\stay-on-main\stm32f103\target\thumbv7m-none-eabi\release\deps\stm32f103-1d1b90d2c90ff25a.stm32f103.csg4pax8-cgu.14.rcgu.o
 .note.GNU-stack
                0x00000000        0x0 D:\stay-on-main\stm32f103\target\thumbv7m-none-eabi\release\deps\stm32f103-1d1b90d2c90ff25a.stm32f103.csg4pax8-cgu.14.rcgu.o
 .ARM.attributes
                0x00000000       0x32 D:\stay-on-main\stm32f103\target\thumbv7m-none-eabi\release\deps\stm32f103-1d1b90d2c90ff25a.stm32f103.csg4pax8-cgu.14.rcgu.o
 .debug_frame   0x00000000       0x54 D:\stay-on-main\stm32f103\target\thumbv7m-none-eabi\release\deps\stm32f103-1d1b90d2c90ff25a.stm32f103.csg4pax8-cgu.14.rcgu.o
 .debug_line    0x00000000      0x12b D:\stay-on-main\stm32f103\target\thumbv7m-none-eabi\release\deps\stm32f103-1d1b90d2c90ff25a.stm32f103.csg4pax8-cgu.14.rcgu.o
 .text          0x00000000        0x0 D:\stay-on-main\stm32f103\target\thumbv7m-none-eabi\release\deps\stm32f103-1d1b90d2c90ff25a.stm32f103.csg4pax8-cgu.15.rcgu.o
 .ARM.exidx.text._ZN9stm32f1037startup11nmi_handler17he786a734f0ca5540E
                0x00000000        0x8 D:\stay-on-main\stm32f103\target\thumbv7m-none-eabi\release\deps\stm32f103-1d1b90d2c90ff25a.stm32f103.csg4pax8-cgu.15.rcgu.o
 .ARM.exidx.text._ZN9stm32f1037startup13reset_handler17h8937dde1945a0667E
                0x00000000        0x8 D:\stay-on-main\stm32f103\target\thumbv7m-none-eabi\release\deps\stm32f103-1d1b90d2c90ff25a.stm32f103.csg4pax8-cgu.15.rcgu.o
 .ARM.exidx.text._ZN9stm32f1037startup15systick_handler17hd417a39ba988eb0dE
                0x00000000        0x8 D:\stay-on-main\stm32f103\target\thumbv7m-none-eabi\release\deps\stm32f103-1d1b90d2c90ff25a.stm32f103.csg4pax8-cgu.15.rcgu.o
 .text.rust_begin_unwind
                0x00000000        0x2 D:\stay-on-main\stm32f103\target\thumbv7m-none-eabi\release\deps\stm32f103-1d1b90d2c90ff25a.stm32f103.csg4pax8-cgu.15.rcgu.o
 .ARM.exidx.text.rust_begin_unwind
                0x00000000        0x8 D:\stay-on-main\stm32f103\target\thumbv7m-none-eabi\release\deps\stm32f103-1d1b90d2c90ff25a.stm32f103.csg4pax8-cgu.15.rcgu.o
 .text._ZN9stm32f10312pherepherial5gpiob3crl4cnf33set17h598c7c946c50d537E
                0x00000000       0x12 D:\stay-on-main\stm32f103\target\thumbv7m-none-eabi\release\deps\stm32f103-1d1b90d2c90ff25a.stm32f103.csg4pax8-cgu.15.rcgu.o
 .ARM.exidx.text._ZN9stm32f10312pherepherial5gpiob3crl4cnf33set17h598c7c946c50d537E
                0x00000000        0x8 D:\stay-on-main\stm32f103\target\thumbv7m-none-eabi\release\deps\stm32f103-1d1b90d2c90ff25a.stm32f103.csg4pax8-cgu.15.rcgu.o
 .text._ZN9stm32f10312pherepherial5gpiob3odr4odr73set17h869891bb07c7c6b1E
                0x00000000       0x12 D:\stay-on-main\stm32f103\target\thumbv7m-none-eabi\release\deps\stm32f103-1d1b90d2c90ff25a.stm32f103.csg4pax8-cgu.15.rcgu.o
 .ARM.exidx.text._ZN9stm32f10312pherepherial5gpiob3odr4odr73set17h869891bb07c7c6b1E
                0x00000000        0x8 D:\stay-on-main\stm32f103\target\thumbv7m-none-eabi\release\deps\stm32f103-1d1b90d2c90ff25a.stm32f103.csg4pax8-cgu.15.rcgu.o
 .text          0x00000000        0x0 D:\stay-on-main\stm32f103\target\thumbv7m-none-eabi\release\deps\stm32f103-1d1b90d2c90ff25a.stm32f103.csg4pax8-cgu.2.rcgu.o
 .ARM.exidx.text.main
                0x00000000        0x8 D:\stay-on-main\stm32f103\target\thumbv7m-none-eabi\release\deps\stm32f103-1d1b90d2c90ff25a.stm32f103.csg4pax8-cgu.2.rcgu.o
 .text          0x00000000        0x0 D:\stay-on-main\stm32f103\target\thumbv7m-none-eabi\release\deps\stm32f103-1d1b90d2c90ff25a.stm32f103.csg4pax8-cgu.3.rcgu.o
 .text._ZN9stm32f10312pherepherial5gpiob3crl4cnf63set17h5aae3cad826898a9E
                0x00000000       0x12 D:\stay-on-main\stm32f103\target\thumbv7m-none-eabi\release\deps\stm32f103-1d1b90d2c90ff25a.stm32f103.csg4pax8-cgu.3.rcgu.o
 .ARM.exidx.text._ZN9stm32f10312pherepherial5gpiob3crl4cnf63set17h5aae3cad826898a9E
                0x00000000        0x8 D:\stay-on-main\stm32f103\target\thumbv7m-none-eabi\release\deps\stm32f103-1d1b90d2c90ff25a.stm32f103.csg4pax8-cgu.3.rcgu.o
 .text._ZN9stm32f10312pherepherial4spi13cr13dff3set17h70c6b6f72aa930d8E
                0x00000000       0x12 D:\stay-on-main\stm32f103\target\thumbv7m-none-eabi\release\deps\stm32f103-1d1b90d2c90ff25a.stm32f103.csg4pax8-cgu.3.rcgu.o
 .ARM.exidx.text._ZN9stm32f10312pherepherial4spi13cr13dff3set17h70c6b6f72aa930d8E
                0x00000000        0x8 D:\stay-on-main\stm32f103\target\thumbv7m-none-eabi\release\deps\stm32f103-1d1b90d2c90ff25a.stm32f103.csg4pax8-cgu.3.rcgu.o
 .text._ZN9stm32f10312pherepherial4spi13cr12br3set17h20a721f01967df1cE
                0x00000000       0x12 D:\stay-on-main\stm32f103\target\thumbv7m-none-eabi\release\deps\stm32f103-1d1b90d2c90ff25a.stm32f103.csg4pax8-cgu.3.rcgu.o
 .ARM.exidx.text._ZN9stm32f10312pherepherial4spi13cr12br3set17h20a721f01967df1cE
                0x00000000        0x8 D:\stay-on-main\stm32f103\target\thumbv7m-none-eabi\release\deps\stm32f103-1d1b90d2c90ff25a.stm32f103.csg4pax8-cgu.3.rcgu.o
 .text._ZN9stm32f10312pherepherial4spi13cr24ssoe3set17ha49bf6c15b67fe74E
                0x00000000       0x12 D:\stay-on-main\stm32f103\target\thumbv7m-none-eabi\release\deps\stm32f103-1d1b90d2c90ff25a.stm32f103.csg4pax8-cgu.3.rcgu.o
 .ARM.exidx.text._ZN9stm32f10312pherepherial4spi13cr24ssoe3set17ha49bf6c15b67fe74E
                0x00000000        0x8 D:\stay-on-main\stm32f103\target\thumbv7m-none-eabi\release\deps\stm32f103-1d1b90d2c90ff25a.stm32f103.csg4pax8-cgu.3.rcgu.o
 .debug_str     0x00000000      0x263 D:\stay-on-main\stm32f103\target\thumbv7m-none-eabi\release\deps\stm32f103-1d1b90d2c90ff25a.stm32f103.csg4pax8-cgu.3.rcgu.o
 .debug_loc     0x00000000       0x4c D:\stay-on-main\stm32f103\target\thumbv7m-none-eabi\release\deps\stm32f103-1d1b90d2c90ff25a.stm32f103.csg4pax8-cgu.3.rcgu.o
 .debug_abbrev  0x00000000      0x105 D:\stay-on-main\stm32f103\target\thumbv7m-none-eabi\release\deps\stm32f103-1d1b90d2c90ff25a.stm32f103.csg4pax8-cgu.3.rcgu.o
 .debug_info    0x00000000      0x2a5 D:\stay-on-main\stm32f103\target\thumbv7m-none-eabi\release\deps\stm32f103-1d1b90d2c90ff25a.stm32f103.csg4pax8-cgu.3.rcgu.o
 .debug_ranges  0x00000000       0x28 D:\stay-on-main\stm32f103\target\thumbv7m-none-eabi\release\deps\stm32f103-1d1b90d2c90ff25a.stm32f103.csg4pax8-cgu.3.rcgu.o
 .debug_macinfo
                0x00000000        0x1 D:\stay-on-main\stm32f103\target\thumbv7m-none-eabi\release\deps\stm32f103-1d1b90d2c90ff25a.stm32f103.csg4pax8-cgu.3.rcgu.o
 .debug_pubnames
                0x00000000       0xc5 D:\stay-on-main\stm32f103\target\thumbv7m-none-eabi\release\deps\stm32f103-1d1b90d2c90ff25a.stm32f103.csg4pax8-cgu.3.rcgu.o
 .debug_pubtypes
                0x00000000       0x36 D:\stay-on-main\stm32f103\target\thumbv7m-none-eabi\release\deps\stm32f103-1d1b90d2c90ff25a.stm32f103.csg4pax8-cgu.3.rcgu.o
 .note.GNU-stack
                0x00000000        0x0 D:\stay-on-main\stm32f103\target\thumbv7m-none-eabi\release\deps\stm32f103-1d1b90d2c90ff25a.stm32f103.csg4pax8-cgu.3.rcgu.o
 .ARM.attributes
                0x00000000       0x32 D:\stay-on-main\stm32f103\target\thumbv7m-none-eabi\release\deps\stm32f103-1d1b90d2c90ff25a.stm32f103.csg4pax8-cgu.3.rcgu.o
 .debug_frame   0x00000000       0x54 D:\stay-on-main\stm32f103\target\thumbv7m-none-eabi\release\deps\stm32f103-1d1b90d2c90ff25a.stm32f103.csg4pax8-cgu.3.rcgu.o
 .debug_line    0x00000000      0x15a D:\stay-on-main\stm32f103\target\thumbv7m-none-eabi\release\deps\stm32f103-1d1b90d2c90ff25a.stm32f103.csg4pax8-cgu.3.rcgu.o
 .text          0x00000000        0x0 D:\stay-on-main\stm32f103\target\thumbv7m-none-eabi\release\deps\stm32f103-1d1b90d2c90ff25a.stm32f103.csg4pax8-cgu.4.rcgu.o
 .text._ZN9stm32f10312pherepherial3rcc4cfgr5ppre13set17hb0f8078dc9031c94E
                0x00000000       0x12 D:\stay-on-main\stm32f103\target\thumbv7m-none-eabi\release\deps\stm32f103-1d1b90d2c90ff25a.stm32f103.csg4pax8-cgu.4.rcgu.o
 .ARM.exidx.text._ZN9stm32f10312pherepherial3rcc4cfgr5ppre13set17hb0f8078dc9031c94E
                0x00000000        0x8 D:\stay-on-main\stm32f103\target\thumbv7m-none-eabi\release\deps\stm32f103-1d1b90d2c90ff25a.stm32f103.csg4pax8-cgu.4.rcgu.o
 .text._ZN9stm32f10312pherepherial5gpiob3crl5mode53set17h574615fda1857ed8E
                0x00000000       0x12 D:\stay-on-main\stm32f103\target\thumbv7m-none-eabi\release\deps\stm32f103-1d1b90d2c90ff25a.stm32f103.csg4pax8-cgu.4.rcgu.o
 .ARM.exidx.text._ZN9stm32f10312pherepherial5gpiob3crl5mode53set17h574615fda1857ed8E
                0x00000000        0x8 D:\stay-on-main\stm32f103\target\thumbv7m-none-eabi\release\deps\stm32f103-1d1b90d2c90ff25a.stm32f103.csg4pax8-cgu.4.rcgu.o
 .text._ZN9stm32f10312pherepherial5gpiob3crl5mode63set17h860767e7d4553ed2E
                0x00000000       0x12 D:\stay-on-main\stm32f103\target\thumbv7m-none-eabi\release\deps\stm32f103-1d1b90d2c90ff25a.stm32f103.csg4pax8-cgu.4.rcgu.o
 .ARM.exidx.text._ZN9stm32f10312pherepherial5gpiob3crl5mode63set17h860767e7d4553ed2E
                0x00000000        0x8 D:\stay-on-main\stm32f103\target\thumbv7m-none-eabi\release\deps\stm32f103-1d1b90d2c90ff25a.stm32f103.csg4pax8-cgu.4.rcgu.o
 .text._ZN9stm32f10312pherepherial5gpiob3crh4cnf83set17h2ef19d00274f504aE
                0x00000000       0x12 D:\stay-on-main\stm32f103\target\thumbv7m-none-eabi\release\deps\stm32f103-1d1b90d2c90ff25a.stm32f103.csg4pax8-cgu.4.rcgu.o
 .ARM.exidx.text._ZN9stm32f10312pherepherial5gpiob3crh4cnf83set17h2ef19d00274f504aE
                0x00000000        0x8 D:\stay-on-main\stm32f103\target\thumbv7m-none-eabi\release\deps\stm32f103-1d1b90d2c90ff25a.stm32f103.csg4pax8-cgu.4.rcgu.o
 .debug_str     0x00000000      0x271 D:\stay-on-main\stm32f103\target\thumbv7m-none-eabi\release\deps\stm32f103-1d1b90d2c90ff25a.stm32f103.csg4pax8-cgu.4.rcgu.o
 .debug_loc     0x00000000       0x4c D:\stay-on-main\stm32f103\target\thumbv7m-none-eabi\release\deps\stm32f103-1d1b90d2c90ff25a.stm32f103.csg4pax8-cgu.4.rcgu.o
 .debug_abbrev  0x00000000      0x105 D:\stay-on-main\stm32f103\target\thumbv7m-none-eabi\release\deps\stm32f103-1d1b90d2c90ff25a.stm32f103.csg4pax8-cgu.4.rcgu.o
 .debug_info    0x00000000      0x2a5 D:\stay-on-main\stm32f103\target\thumbv7m-none-eabi\release\deps\stm32f103-1d1b90d2c90ff25a.stm32f103.csg4pax8-cgu.4.rcgu.o
 .debug_ranges  0x00000000       0x28 D:\stay-on-main\stm32f103\target\thumbv7m-none-eabi\release\deps\stm32f103-1d1b90d2c90ff25a.stm32f103.csg4pax8-cgu.4.rcgu.o
 .debug_macinfo
                0x00000000        0x1 D:\stay-on-main\stm32f103\target\thumbv7m-none-eabi\release\deps\stm32f103-1d1b90d2c90ff25a.stm32f103.csg4pax8-cgu.4.rcgu.o
 .debug_pubnames
                0x00000000       0xcb D:\stay-on-main\stm32f103\target\thumbv7m-none-eabi\release\deps\stm32f103-1d1b90d2c90ff25a.stm32f103.csg4pax8-cgu.4.rcgu.o
 .debug_pubtypes
                0x00000000       0x36 D:\stay-on-main\stm32f103\target\thumbv7m-none-eabi\release\deps\stm32f103-1d1b90d2c90ff25a.stm32f103.csg4pax8-cgu.4.rcgu.o
 .note.GNU-stack
                0x00000000        0x0 D:\stay-on-main\stm32f103\target\thumbv7m-none-eabi\release\deps\stm32f103-1d1b90d2c90ff25a.stm32f103.csg4pax8-cgu.4.rcgu.o
 .ARM.attributes
                0x00000000       0x32 D:\stay-on-main\stm32f103\target\thumbv7m-none-eabi\release\deps\stm32f103-1d1b90d2c90ff25a.stm32f103.csg4pax8-cgu.4.rcgu.o
 .debug_frame   0x00000000       0x54 D:\stay-on-main\stm32f103\target\thumbv7m-none-eabi\release\deps\stm32f103-1d1b90d2c90ff25a.stm32f103.csg4pax8-cgu.4.rcgu.o
 .debug_line    0x00000000      0x159 D:\stay-on-main\stm32f103\target\thumbv7m-none-eabi\release\deps\stm32f103-1d1b90d2c90ff25a.stm32f103.csg4pax8-cgu.4.rcgu.o
 .text          0x00000000        0x0 D:\stay-on-main\stm32f103\target\thumbv7m-none-eabi\release\deps\stm32f103-1d1b90d2c90ff25a.stm32f103.csg4pax8-cgu.5.rcgu.o
 .text._ZN9stm32f10312pherepherial3rcc2cr5pllon3set17hcba86ca16f7d9ea8E
                0x00000000       0x12 D:\stay-on-main\stm32f103\target\thumbv7m-none-eabi\release\deps\stm32f103-1d1b90d2c90ff25a.stm32f103.csg4pax8-cgu.5.rcgu.o
 .ARM.exidx.text._ZN9stm32f10312pherepherial3rcc2cr5pllon3set17hcba86ca16f7d9ea8E
                0x00000000        0x8 D:\stay-on-main\stm32f103\target\thumbv7m-none-eabi\release\deps\stm32f103-1d1b90d2c90ff25a.stm32f103.csg4pax8-cgu.5.rcgu.o
 .text._ZN9stm32f10312pherepherial3rcc4cfgr8pllxtpre3set17hcb638983c758e6e8E
                0x00000000       0x12 D:\stay-on-main\stm32f103\target\thumbv7m-none-eabi\release\deps\stm32f103-1d1b90d2c90ff25a.stm32f103.csg4pax8-cgu.5.rcgu.o
 .ARM.exidx.text._ZN9stm32f10312pherepherial3rcc4cfgr8pllxtpre3set17hcb638983c758e6e8E
                0x00000000        0x8 D:\stay-on-main\stm32f103\target\thumbv7m-none-eabi\release\deps\stm32f103-1d1b90d2c90ff25a.stm32f103.csg4pax8-cgu.5.rcgu.o
 .text._ZN9stm32f10312pherepherial5gpiob3crl4cnf73set17hb1aa8da84ec3dcbbE
                0x00000000       0x16 D:\stay-on-main\stm32f103\target\thumbv7m-none-eabi\release\deps\stm32f103-1d1b90d2c90ff25a.stm32f103.csg4pax8-cgu.5.rcgu.o
 .ARM.exidx.text._ZN9stm32f10312pherepherial5gpiob3crl4cnf73set17hb1aa8da84ec3dcbbE
                0x00000000        0x8 D:\stay-on-main\stm32f103\target\thumbv7m-none-eabi\release\deps\stm32f103-1d1b90d2c90ff25a.stm32f103.csg4pax8-cgu.5.rcgu.o
 .text._ZN9stm32f10312pherepherial4afio4mapr7swj_cfg3set17hfc3b8a8b4d26ac86E
                0x00000000       0x10 D:\stay-on-main\stm32f103\target\thumbv7m-none-eabi\release\deps\stm32f103-1d1b90d2c90ff25a.stm32f103.csg4pax8-cgu.5.rcgu.o
 .ARM.exidx.text._ZN9stm32f10312pherepherial4afio4mapr7swj_cfg3set17hfc3b8a8b4d26ac86E
                0x00000000        0x8 D:\stay-on-main\stm32f103\target\thumbv7m-none-eabi\release\deps\stm32f103-1d1b90d2c90ff25a.stm32f103.csg4pax8-cgu.5.rcgu.o
 .debug_str     0x00000000      0x281 D:\stay-on-main\stm32f103\target\thumbv7m-none-eabi\release\deps\stm32f103-1d1b90d2c90ff25a.stm32f103.csg4pax8-cgu.5.rcgu.o
 .debug_loc     0x00000000       0x6a D:\stay-on-main\stm32f103\target\thumbv7m-none-eabi\release\deps\stm32f103-1d1b90d2c90ff25a.stm32f103.csg4pax8-cgu.5.rcgu.o
 .debug_abbrev  0x00000000      0x114 D:\stay-on-main\stm32f103\target\thumbv7m-none-eabi\release\deps\stm32f103-1d1b90d2c90ff25a.stm32f103.csg4pax8-cgu.5.rcgu.o
 .debug_info    0x00000000      0x2b8 D:\stay-on-main\stm32f103\target\thumbv7m-none-eabi\release\deps\stm32f103-1d1b90d2c90ff25a.stm32f103.csg4pax8-cgu.5.rcgu.o
 .debug_ranges  0x00000000       0x28 D:\stay-on-main\stm32f103\target\thumbv7m-none-eabi\release\deps\stm32f103-1d1b90d2c90ff25a.stm32f103.csg4pax8-cgu.5.rcgu.o
 .debug_macinfo
                0x00000000        0x1 D:\stay-on-main\stm32f103\target\thumbv7m-none-eabi\release\deps\stm32f103-1d1b90d2c90ff25a.stm32f103.csg4pax8-cgu.5.rcgu.o
 .debug_pubnames
                0x00000000       0xe1 D:\stay-on-main\stm32f103\target\thumbv7m-none-eabi\release\deps\stm32f103-1d1b90d2c90ff25a.stm32f103.csg4pax8-cgu.5.rcgu.o
 .debug_pubtypes
                0x00000000       0x36 D:\stay-on-main\stm32f103\target\thumbv7m-none-eabi\release\deps\stm32f103-1d1b90d2c90ff25a.stm32f103.csg4pax8-cgu.5.rcgu.o
 .note.GNU-stack
                0x00000000        0x0 D:\stay-on-main\stm32f103\target\thumbv7m-none-eabi\release\deps\stm32f103-1d1b90d2c90ff25a.stm32f103.csg4pax8-cgu.5.rcgu.o
 .ARM.attributes
                0x00000000       0x32 D:\stay-on-main\stm32f103\target\thumbv7m-none-eabi\release\deps\stm32f103-1d1b90d2c90ff25a.stm32f103.csg4pax8-cgu.5.rcgu.o
 .debug_frame   0x00000000       0x54 D:\stay-on-main\stm32f103\target\thumbv7m-none-eabi\release\deps\stm32f103-1d1b90d2c90ff25a.stm32f103.csg4pax8-cgu.5.rcgu.o
 .debug_line    0x00000000      0x163 D:\stay-on-main\stm32f103\target\thumbv7m-none-eabi\release\deps\stm32f103-1d1b90d2c90ff25a.stm32f103.csg4pax8-cgu.5.rcgu.o
 .text          0x00000000        0x0 D:\stay-on-main\stm32f103\target\thumbv7m-none-eabi\release\deps\stm32f103-1d1b90d2c90ff25a.stm32f103.csg4pax8-cgu.6.rcgu.o
 .text._ZN9stm32f10312pherepherial3rcc7apb2enr6spi1en3set17hc6029dbd1c2481edE
                0x00000000       0x12 D:\stay-on-main\stm32f103\target\thumbv7m-none-eabi\release\deps\stm32f103-1d1b90d2c90ff25a.stm32f103.csg4pax8-cgu.6.rcgu.o
 .ARM.exidx.text._ZN9stm32f10312pherepherial3rcc7apb2enr6spi1en3set17hc6029dbd1c2481edE
                0x00000000        0x8 D:\stay-on-main\stm32f103\target\thumbv7m-none-eabi\release\deps\stm32f103-1d1b90d2c90ff25a.stm32f103.csg4pax8-cgu.6.rcgu.o
 .text._ZN9stm32f10312pherepherial5gpiob3crl5mode33set17h3f95cdc118d8cb76E
                0x00000000       0x12 D:\stay-on-main\stm32f103\target\thumbv7m-none-eabi\release\deps\stm32f103-1d1b90d2c90ff25a.stm32f103.csg4pax8-cgu.6.rcgu.o
 .ARM.exidx.text._ZN9stm32f10312pherepherial5gpiob3crl5mode33set17h3f95cdc118d8cb76E
                0x00000000        0x8 D:\stay-on-main\stm32f103\target\thumbv7m-none-eabi\release\deps\stm32f103-1d1b90d2c90ff25a.stm32f103.csg4pax8-cgu.6.rcgu.o
 .text._ZN9stm32f10312pherepherial4spi13cr18lsbfirst3set17h12746eab6eb5ab77E
                0x00000000       0x12 D:\stay-on-main\stm32f103\target\thumbv7m-none-eabi\release\deps\stm32f103-1d1b90d2c90ff25a.stm32f103.csg4pax8-cgu.6.rcgu.o
 .ARM.exidx.text._ZN9stm32f10312pherepherial4spi13cr18lsbfirst3set17h12746eab6eb5ab77E
                0x00000000        0x8 D:\stay-on-main\stm32f103\target\thumbv7m-none-eabi\release\deps\stm32f103-1d1b90d2c90ff25a.stm32f103.csg4pax8-cgu.6.rcgu.o
 .text._ZN9stm32f10312pherepherial4spi13cr13spe3set17hb8fb7dd7cd9db7f0E
                0x00000000       0x12 D:\stay-on-main\stm32f103\target\thumbv7m-none-eabi\release\deps\stm32f103-1d1b90d2c90ff25a.stm32f103.csg4pax8-cgu.6.rcgu.o
 .ARM.exidx.text._ZN9stm32f10312pherepherial4spi13cr13spe3set17hb8fb7dd7cd9db7f0E
                0x00000000        0x8 D:\stay-on-main\stm32f103\target\thumbv7m-none-eabi\release\deps\stm32f103-1d1b90d2c90ff25a.stm32f103.csg4pax8-cgu.6.rcgu.o
 .debug_str     0x00000000      0x280 D:\stay-on-main\stm32f103\target\thumbv7m-none-eabi\release\deps\stm32f103-1d1b90d2c90ff25a.stm32f103.csg4pax8-cgu.6.rcgu.o
 .debug_loc     0x00000000       0x4c D:\stay-on-main\stm32f103\target\thumbv7m-none-eabi\release\deps\stm32f103-1d1b90d2c90ff25a.stm32f103.csg4pax8-cgu.6.rcgu.o
 .debug_abbrev  0x00000000      0x105 D:\stay-on-main\stm32f103\target\thumbv7m-none-eabi\release\deps\stm32f103-1d1b90d2c90ff25a.stm32f103.csg4pax8-cgu.6.rcgu.o
 .debug_info    0x00000000      0x2ab D:\stay-on-main\stm32f103\target\thumbv7m-none-eabi\release\deps\stm32f103-1d1b90d2c90ff25a.stm32f103.csg4pax8-cgu.6.rcgu.o
 .debug_ranges  0x00000000       0x28 D:\stay-on-main\stm32f103\target\thumbv7m-none-eabi\release\deps\stm32f103-1d1b90d2c90ff25a.stm32f103.csg4pax8-cgu.6.rcgu.o
 .debug_macinfo
                0x00000000        0x1 D:\stay-on-main\stm32f103\target\thumbv7m-none-eabi\release\deps\stm32f103-1d1b90d2c90ff25a.stm32f103.csg4pax8-cgu.6.rcgu.o
 .debug_pubnames
                0x00000000       0xda D:\stay-on-main\stm32f103\target\thumbv7m-none-eabi\release\deps\stm32f103-1d1b90d2c90ff25a.stm32f103.csg4pax8-cgu.6.rcgu.o
 .debug_pubtypes
                0x00000000       0x36 D:\stay-on-main\stm32f103\target\thumbv7m-none-eabi\release\deps\stm32f103-1d1b90d2c90ff25a.stm32f103.csg4pax8-cgu.6.rcgu.o
 .note.GNU-stack
                0x00000000        0x0 D:\stay-on-main\stm32f103\target\thumbv7m-none-eabi\release\deps\stm32f103-1d1b90d2c90ff25a.stm32f103.csg4pax8-cgu.6.rcgu.o
 .ARM.attributes
                0x00000000       0x32 D:\stay-on-main\stm32f103\target\thumbv7m-none-eabi\release\deps\stm32f103-1d1b90d2c90ff25a.stm32f103.csg4pax8-cgu.6.rcgu.o
 .debug_frame   0x00000000       0x54 D:\stay-on-main\stm32f103\target\thumbv7m-none-eabi\release\deps\stm32f103-1d1b90d2c90ff25a.stm32f103.csg4pax8-cgu.6.rcgu.o
 .debug_line    0x00000000      0x164 D:\stay-on-main\stm32f103\target\thumbv7m-none-eabi\release\deps\stm32f103-1d1b90d2c90ff25a.stm32f103.csg4pax8-cgu.6.rcgu.o
 .text          0x00000000        0x0 D:\stay-on-main\stm32f103\target\thumbv7m-none-eabi\release\deps\stm32f103-1d1b90d2c90ff25a.stm32f103.csg4pax8-cgu.7.rcgu.o
 .text._ZN9stm32f10312pherepherial3rcc4cfgr6pllsrc3set17h720f110b90e77ad6E
                0x00000000       0x12 D:\stay-on-main\stm32f103\target\thumbv7m-none-eabi\release\deps\stm32f103-1d1b90d2c90ff25a.stm32f103.csg4pax8-cgu.7.rcgu.o
 .ARM.exidx.text._ZN9stm32f10312pherepherial3rcc4cfgr6pllsrc3set17h720f110b90e77ad6E
                0x00000000        0x8 D:\stay-on-main\stm32f103\target\thumbv7m-none-eabi\release\deps\stm32f103-1d1b90d2c90ff25a.stm32f103.csg4pax8-cgu.7.rcgu.o
 .text._ZN9stm32f10312pherepherial3rcc4cfgr6pllmul3set17hee34de2a3a75d3ffE
                0x00000000       0x12 D:\stay-on-main\stm32f103\target\thumbv7m-none-eabi\release\deps\stm32f103-1d1b90d2c90ff25a.stm32f103.csg4pax8-cgu.7.rcgu.o
 .ARM.exidx.text._ZN9stm32f10312pherepherial3rcc4cfgr6pllmul3set17hee34de2a3a75d3ffE
                0x00000000        0x8 D:\stay-on-main\stm32f103\target\thumbv7m-none-eabi\release\deps\stm32f103-1d1b90d2c90ff25a.stm32f103.csg4pax8-cgu.7.rcgu.o
 .text._ZN9stm32f10312pherepherial5gpiob3crl4cnf53set17hc2e915ab8746eae4E
                0x00000000       0x12 D:\stay-on-main\stm32f103\target\thumbv7m-none-eabi\release\deps\stm32f103-1d1b90d2c90ff25a.stm32f103.csg4pax8-cgu.7.rcgu.o
 .ARM.exidx.text._ZN9stm32f10312pherepherial5gpiob3crl4cnf53set17hc2e915ab8746eae4E
                0x00000000        0x8 D:\stay-on-main\stm32f103\target\thumbv7m-none-eabi\release\deps\stm32f103-1d1b90d2c90ff25a.stm32f103.csg4pax8-cgu.7.rcgu.o
 .text._ZN9stm32f10312pherepherial3stk4ctrl7tickint3set17h15dd29ccbb92a678E
                0x00000000       0x12 D:\stay-on-main\stm32f103\target\thumbv7m-none-eabi\release\deps\stm32f103-1d1b90d2c90ff25a.stm32f103.csg4pax8-cgu.7.rcgu.o
 .ARM.exidx.text._ZN9stm32f10312pherepherial3stk4ctrl7tickint3set17h15dd29ccbb92a678E
                0x00000000        0x8 D:\stay-on-main\stm32f103\target\thumbv7m-none-eabi\release\deps\stm32f103-1d1b90d2c90ff25a.stm32f103.csg4pax8-cgu.7.rcgu.o
 .debug_str     0x00000000      0x27c D:\stay-on-main\stm32f103\target\thumbv7m-none-eabi\release\deps\stm32f103-1d1b90d2c90ff25a.stm32f103.csg4pax8-cgu.7.rcgu.o
 .debug_loc     0x00000000       0x4c D:\stay-on-main\stm32f103\target\thumbv7m-none-eabi\release\deps\stm32f103-1d1b90d2c90ff25a.stm32f103.csg4pax8-cgu.7.rcgu.o
 .debug_abbrev  0x00000000      0x105 D:\stay-on-main\stm32f103\target\thumbv7m-none-eabi\release\deps\stm32f103-1d1b90d2c90ff25a.stm32f103.csg4pax8-cgu.7.rcgu.o
 .debug_info    0x00000000      0x2b0 D:\stay-on-main\stm32f103\target\thumbv7m-none-eabi\release\deps\stm32f103-1d1b90d2c90ff25a.stm32f103.csg4pax8-cgu.7.rcgu.o
 .debug_ranges  0x00000000       0x28 D:\stay-on-main\stm32f103\target\thumbv7m-none-eabi\release\deps\stm32f103-1d1b90d2c90ff25a.stm32f103.csg4pax8-cgu.7.rcgu.o
 .debug_macinfo
                0x00000000        0x1 D:\stay-on-main\stm32f103\target\thumbv7m-none-eabi\release\deps\stm32f103-1d1b90d2c90ff25a.stm32f103.csg4pax8-cgu.7.rcgu.o
 .debug_pubnames
                0x00000000       0xd8 D:\stay-on-main\stm32f103\target\thumbv7m-none-eabi\release\deps\stm32f103-1d1b90d2c90ff25a.stm32f103.csg4pax8-cgu.7.rcgu.o
 .debug_pubtypes
                0x00000000       0x36 D:\stay-on-main\stm32f103\target\thumbv7m-none-eabi\release\deps\stm32f103-1d1b90d2c90ff25a.stm32f103.csg4pax8-cgu.7.rcgu.o
 .note.GNU-stack
                0x00000000        0x0 D:\stay-on-main\stm32f103\target\thumbv7m-none-eabi\release\deps\stm32f103-1d1b90d2c90ff25a.stm32f103.csg4pax8-cgu.7.rcgu.o
 .ARM.attributes
                0x00000000       0x32 D:\stay-on-main\stm32f103\target\thumbv7m-none-eabi\release\deps\stm32f103-1d1b90d2c90ff25a.stm32f103.csg4pax8-cgu.7.rcgu.o
 .debug_frame   0x00000000       0x54 D:\stay-on-main\stm32f103\target\thumbv7m-none-eabi\release\deps\stm32f103-1d1b90d2c90ff25a.stm32f103.csg4pax8-cgu.7.rcgu.o
 .debug_line    0x00000000      0x160 D:\stay-on-main\stm32f103\target\thumbv7m-none-eabi\release\deps\stm32f103-1d1b90d2c90ff25a.stm32f103.csg4pax8-cgu.7.rcgu.o
 .text          0x00000000        0x0 D:\stay-on-main\stm32f103\target\thumbv7m-none-eabi\release\deps\stm32f103-1d1b90d2c90ff25a.stm32f103.csg4pax8-cgu.8.rcgu.o
 .text._ZN9stm32f10312pherepherial3rcc2cr5hseon3set17h88f7393b6948a3e6E
                0x00000000       0x12 D:\stay-on-main\stm32f103\target\thumbv7m-none-eabi\release\deps\stm32f103-1d1b90d2c90ff25a.stm32f103.csg4pax8-cgu.8.rcgu.o
 .ARM.exidx.text._ZN9stm32f10312pherepherial3rcc2cr5hseon3set17h88f7393b6948a3e6E
                0x00000000        0x8 D:\stay-on-main\stm32f103\target\thumbv7m-none-eabi\release\deps\stm32f103-1d1b90d2c90ff25a.stm32f103.csg4pax8-cgu.8.rcgu.o
 .text._ZN9stm32f10312pherepherial3rcc4cfgr4hpre3set17h6f60659fa65e3084E
                0x00000000       0x12 D:\stay-on-main\stm32f103\target\thumbv7m-none-eabi\release\deps\stm32f103-1d1b90d2c90ff25a.stm32f103.csg4pax8-cgu.8.rcgu.o
 .ARM.exidx.text._ZN9stm32f10312pherepherial3rcc4cfgr4hpre3set17h6f60659fa65e3084E
                0x00000000        0x8 D:\stay-on-main\stm32f103\target\thumbv7m-none-eabi\release\deps\stm32f103-1d1b90d2c90ff25a.stm32f103.csg4pax8-cgu.8.rcgu.o
 .text._ZN9stm32f10312pherepherial3stk4ctrl9clksource3set17h6b29c300e1d46c06E
                0x00000000       0x12 D:\stay-on-main\stm32f103\target\thumbv7m-none-eabi\release\deps\stm32f103-1d1b90d2c90ff25a.stm32f103.csg4pax8-cgu.8.rcgu.o
 .ARM.exidx.text._ZN9stm32f10312pherepherial3stk4ctrl9clksource3set17h6b29c300e1d46c06E
                0x00000000        0x8 D:\stay-on-main\stm32f103\target\thumbv7m-none-eabi\release\deps\stm32f103-1d1b90d2c90ff25a.stm32f103.csg4pax8-cgu.8.rcgu.o
 .text._ZN9stm32f10312pherepherial4spi13cr14cpol3set17h7f8a5242a1f131b6E
                0x00000000       0x12 D:\stay-on-main\stm32f103\target\thumbv7m-none-eabi\release\deps\stm32f103-1d1b90d2c90ff25a.stm32f103.csg4pax8-cgu.8.rcgu.o
 .ARM.exidx.text._ZN9stm32f10312pherepherial4spi13cr14cpol3set17h7f8a5242a1f131b6E
                0x00000000        0x8 D:\stay-on-main\stm32f103\target\thumbv7m-none-eabi\release\deps\stm32f103-1d1b90d2c90ff25a.stm32f103.csg4pax8-cgu.8.rcgu.o
 .debug_str     0x00000000      0x279 D:\stay-on-main\stm32f103\target\thumbv7m-none-eabi\release\deps\stm32f103-1d1b90d2c90ff25a.stm32f103.csg4pax8-cgu.8.rcgu.o
 .debug_loc     0x00000000       0x4c D:\stay-on-main\stm32f103\target\thumbv7m-none-eabi\release\deps\stm32f103-1d1b90d2c90ff25a.stm32f103.csg4pax8-cgu.8.rcgu.o
 .debug_abbrev  0x00000000       0xc3 D:\stay-on-main\stm32f103\target\thumbv7m-none-eabi\release\deps\stm32f103-1d1b90d2c90ff25a.stm32f103.csg4pax8-cgu.8.rcgu.o
 .debug_info    0x00000000      0x2ac D:\stay-on-main\stm32f103\target\thumbv7m-none-eabi\release\deps\stm32f103-1d1b90d2c90ff25a.stm32f103.csg4pax8-cgu.8.rcgu.o
 .debug_ranges  0x00000000       0x28 D:\stay-on-main\stm32f103\target\thumbv7m-none-eabi\release\deps\stm32f103-1d1b90d2c90ff25a.stm32f103.csg4pax8-cgu.8.rcgu.o
 .debug_macinfo
                0x00000000        0x1 D:\stay-on-main\stm32f103\target\thumbv7m-none-eabi\release\deps\stm32f103-1d1b90d2c90ff25a.stm32f103.csg4pax8-cgu.8.rcgu.o
 .debug_pubnames
                0x00000000       0xdd D:\stay-on-main\stm32f103\target\thumbv7m-none-eabi\release\deps\stm32f103-1d1b90d2c90ff25a.stm32f103.csg4pax8-cgu.8.rcgu.o
 .debug_pubtypes
                0x00000000       0x36 D:\stay-on-main\stm32f103\target\thumbv7m-none-eabi\release\deps\stm32f103-1d1b90d2c90ff25a.stm32f103.csg4pax8-cgu.8.rcgu.o
 .note.GNU-stack
                0x00000000        0x0 D:\stay-on-main\stm32f103\target\thumbv7m-none-eabi\release\deps\stm32f103-1d1b90d2c90ff25a.stm32f103.csg4pax8-cgu.8.rcgu.o
 .ARM.attributes
                0x00000000       0x32 D:\stay-on-main\stm32f103\target\thumbv7m-none-eabi\release\deps\stm32f103-1d1b90d2c90ff25a.stm32f103.csg4pax8-cgu.8.rcgu.o
 .debug_frame   0x00000000       0x54 D:\stay-on-main\stm32f103\target\thumbv7m-none-eabi\release\deps\stm32f103-1d1b90d2c90ff25a.stm32f103.csg4pax8-cgu.8.rcgu.o
 .debug_line    0x00000000      0x15f D:\stay-on-main\stm32f103\target\thumbv7m-none-eabi\release\deps\stm32f103-1d1b90d2c90ff25a.stm32f103.csg4pax8-cgu.8.rcgu.o
 .text          0x00000000        0x0 D:\stay-on-main\stm32f103\target\thumbv7m-none-eabi\release\deps\stm32f103-1d1b90d2c90ff25a.stm32f103.csg4pax8-cgu.9.rcgu.o
 .text._ZN9stm32f10312pherepherial3rcc4cfgr5ppre23set17h6ea3a83622d1a5bcE
                0x00000000       0x12 D:\stay-on-main\stm32f103\target\thumbv7m-none-eabi\release\deps\stm32f103-1d1b90d2c90ff25a.stm32f103.csg4pax8-cgu.9.rcgu.o
 .ARM.exidx.text._ZN9stm32f10312pherepherial3rcc4cfgr5ppre23set17h6ea3a83622d1a5bcE
                0x00000000        0x8 D:\stay-on-main\stm32f103\target\thumbv7m-none-eabi\release\deps\stm32f103-1d1b90d2c90ff25a.stm32f103.csg4pax8-cgu.9.rcgu.o
 .text._ZN9stm32f10312pherepherial3rcc7apb2enr6iopben3set17h14281cadc075c95cE
                0x00000000       0x12 D:\stay-on-main\stm32f103\target\thumbv7m-none-eabi\release\deps\stm32f103-1d1b90d2c90ff25a.stm32f103.csg4pax8-cgu.9.rcgu.o
 .ARM.exidx.text._ZN9stm32f10312pherepherial3rcc7apb2enr6iopben3set17h14281cadc075c95cE
                0x00000000        0x8 D:\stay-on-main\stm32f103\target\thumbv7m-none-eabi\release\deps\stm32f103-1d1b90d2c90ff25a.stm32f103.csg4pax8-cgu.9.rcgu.o
 .text._ZN9stm32f10312pherepherial5gpiob3crl5mode73set17h578e487287d7760aE
                0x00000000       0x12 D:\stay-on-main\stm32f103\target\thumbv7m-none-eabi\release\deps\stm32f103-1d1b90d2c90ff25a.stm32f103.csg4pax8-cgu.9.rcgu.o
 .ARM.exidx.text._ZN9stm32f10312pherepherial5gpiob3crl5mode73set17h578e487287d7760aE
                0x00000000        0x8 D:\stay-on-main\stm32f103\target\thumbv7m-none-eabi\release\deps\stm32f103-1d1b90d2c90ff25a.stm32f103.csg4pax8-cgu.9.rcgu.o
 .text._ZN9stm32f10312pherepherial4spi13cr14mstr3set17hb086e7ba54decbe8E
                0x00000000       0x12 D:\stay-on-main\stm32f103\target\thumbv7m-none-eabi\release\deps\stm32f103-1d1b90d2c90ff25a.stm32f103.csg4pax8-cgu.9.rcgu.o
 .ARM.exidx.text._ZN9stm32f10312pherepherial4spi13cr14mstr3set17hb086e7ba54decbe8E
                0x00000000        0x8 D:\stay-on-main\stm32f103\target\thumbv7m-none-eabi\release\deps\stm32f103-1d1b90d2c90ff25a.stm32f103.csg4pax8-cgu.9.rcgu.o
 .debug_str     0x00000000      0x281 D:\stay-on-main\stm32f103\target\thumbv7m-none-eabi\release\deps\stm32f103-1d1b90d2c90ff25a.stm32f103.csg4pax8-cgu.9.rcgu.o
 .debug_loc     0x00000000       0x4c D:\stay-on-main\stm32f103\target\thumbv7m-none-eabi\release\deps\stm32f103-1d1b90d2c90ff25a.stm32f103.csg4pax8-cgu.9.rcgu.o
 .debug_abbrev  0x00000000      0x105 D:\stay-on-main\stm32f103\target\thumbv7m-none-eabi\release\deps\stm32f103-1d1b90d2c90ff25a.stm32f103.csg4pax8-cgu.9.rcgu.o
 .debug_info    0x00000000      0x2b1 D:\stay-on-main\stm32f103\target\thumbv7m-none-eabi\release\deps\stm32f103-1d1b90d2c90ff25a.stm32f103.csg4pax8-cgu.9.rcgu.o
 .debug_ranges  0x00000000       0x28 D:\stay-on-main\stm32f103\target\thumbv7m-none-eabi\release\deps\stm32f103-1d1b90d2c90ff25a.stm32f103.csg4pax8-cgu.9.rcgu.o
 .debug_macinfo
                0x00000000        0x1 D:\stay-on-main\stm32f103\target\thumbv7m-none-eabi\release\deps\stm32f103-1d1b90d2c90ff25a.stm32f103.csg4pax8-cgu.9.rcgu.o
 .debug_pubnames
                0x00000000       0xe1 D:\stay-on-main\stm32f103\target\thumbv7m-none-eabi\release\deps\stm32f103-1d1b90d2c90ff25a.stm32f103.csg4pax8-cgu.9.rcgu.o
 .debug_pubtypes
                0x00000000       0x36 D:\stay-on-main\stm32f103\target\thumbv7m-none-eabi\release\deps\stm32f103-1d1b90d2c90ff25a.stm32f103.csg4pax8-cgu.9.rcgu.o
 .note.GNU-stack
                0x00000000        0x0 D:\stay-on-main\stm32f103\target\thumbv7m-none-eabi\release\deps\stm32f103-1d1b90d2c90ff25a.stm32f103.csg4pax8-cgu.9.rcgu.o
 .ARM.attributes
                0x00000000       0x32 D:\stay-on-main\stm32f103\target\thumbv7m-none-eabi\release\deps\stm32f103-1d1b90d2c90ff25a.stm32f103.csg4pax8-cgu.9.rcgu.o
 .debug_frame   0x00000000       0x54 D:\stay-on-main\stm32f103\target\thumbv7m-none-eabi\release\deps\stm32f103-1d1b90d2c90ff25a.stm32f103.csg4pax8-cgu.9.rcgu.o
 .debug_line    0x00000000      0x162 D:\stay-on-main\stm32f103\target\thumbv7m-none-eabi\release\deps\stm32f103-1d1b90d2c90ff25a.stm32f103.csg4pax8-cgu.9.rcgu.o

Memory Configuration

Name             Origin             Length             Attributes
FLASH            0x08000000         0x00010000         xr
RAM              0x20000000         0x00005000         xrw
*default*        0x00000000         0xffffffff

Linker script and memory map

LOAD D:\stay-on-main\stm32f103\target\thumbv7m-none-eabi\release\deps\stm32f103-1d1b90d2c90ff25a.stm32f103.csg4pax8-cgu.0.rcgu.o
LOAD D:\stay-on-main\stm32f103\target\thumbv7m-none-eabi\release\deps\stm32f103-1d1b90d2c90ff25a.stm32f103.csg4pax8-cgu.1.rcgu.o
LOAD D:\stay-on-main\stm32f103\target\thumbv7m-none-eabi\release\deps\stm32f103-1d1b90d2c90ff25a.stm32f103.csg4pax8-cgu.10.rcgu.o
LOAD D:\stay-on-main\stm32f103\target\thumbv7m-none-eabi\release\deps\stm32f103-1d1b90d2c90ff25a.stm32f103.csg4pax8-cgu.11.rcgu.o
LOAD D:\stay-on-main\stm32f103\target\thumbv7m-none-eabi\release\deps\stm32f103-1d1b90d2c90ff25a.stm32f103.csg4pax8-cgu.12.rcgu.o
LOAD D:\stay-on-main\stm32f103\target\thumbv7m-none-eabi\release\deps\stm32f103-1d1b90d2c90ff25a.stm32f103.csg4pax8-cgu.13.rcgu.o
LOAD D:\stay-on-main\stm32f103\target\thumbv7m-none-eabi\release\deps\stm32f103-1d1b90d2c90ff25a.stm32f103.csg4pax8-cgu.14.rcgu.o
LOAD D:\stay-on-main\stm32f103\target\thumbv7m-none-eabi\release\deps\stm32f103-1d1b90d2c90ff25a.stm32f103.csg4pax8-cgu.15.rcgu.o
LOAD D:\stay-on-main\stm32f103\target\thumbv7m-none-eabi\release\deps\stm32f103-1d1b90d2c90ff25a.stm32f103.csg4pax8-cgu.2.rcgu.o
LOAD D:\stay-on-main\stm32f103\target\thumbv7m-none-eabi\release\deps\stm32f103-1d1b90d2c90ff25a.stm32f103.csg4pax8-cgu.3.rcgu.o
LOAD D:\stay-on-main\stm32f103\target\thumbv7m-none-eabi\release\deps\stm32f103-1d1b90d2c90ff25a.stm32f103.csg4pax8-cgu.4.rcgu.o
LOAD D:\stay-on-main\stm32f103\target\thumbv7m-none-eabi\release\deps\stm32f103-1d1b90d2c90ff25a.stm32f103.csg4pax8-cgu.5.rcgu.o
LOAD D:\stay-on-main\stm32f103\target\thumbv7m-none-eabi\release\deps\stm32f103-1d1b90d2c90ff25a.stm32f103.csg4pax8-cgu.6.rcgu.o
LOAD D:\stay-on-main\stm32f103\target\thumbv7m-none-eabi\release\deps\stm32f103-1d1b90d2c90ff25a.stm32f103.csg4pax8-cgu.7.rcgu.o
LOAD D:\stay-on-main\stm32f103\target\thumbv7m-none-eabi\release\deps\stm32f103-1d1b90d2c90ff25a.stm32f103.csg4pax8-cgu.8.rcgu.o
LOAD D:\stay-on-main\stm32f103\target\thumbv7m-none-eabi\release\deps\stm32f103-1d1b90d2c90ff25a.stm32f103.csg4pax8-cgu.9.rcgu.o
LOAD C:\Users\zahar.kravtsov\.rustup\toolchains\stable-x86_64-pc-windows-msvc\lib\rustlib\thumbv7m-none-eabi\lib\librustc_std_workspace_core-7bf75bb619341145.rlib
LOAD C:\Users\zahar.kravtsov\.rustup\toolchains\stable-x86_64-pc-windows-msvc\lib\rustlib\thumbv7m-none-eabi\lib\libcore-ef54709e300503ed.rlib
LOAD C:\Users\zahar.kravtsov\.rustup\toolchains\stable-x86_64-pc-windows-msvc\lib\rustlib\thumbv7m-none-eabi\lib\libcompiler_builtins-7ad71977d9a9ab60.rlib

.text           0x08000000     0x129a
                0x08000000        0x4 LONG 0x20005000 (ORIGIN (RAM) + LENGTH (RAM))
 *(.reset_handler)
 .reset_handler
                0x08000004      0x33c D:\stay-on-main\stm32f103\target\thumbv7m-none-eabi\release\deps\stm32f103-1d1b90d2c90ff25a.stm32f103.csg4pax8-cgu.15.rcgu.o
 *(.text.*)
 .text._ZN9stm32f1037display4init17he7bbde68639c5135E
                0x08000340      0x9e0 D:\stay-on-main\stm32f103\target\thumbv7m-none-eabi\release\deps\stm32f103-1d1b90d2c90ff25a.stm32f103.csg4pax8-cgu.0.rcgu.o
                0x08000340                stm32f103::display::init
 .text._ZN9stm32f1037display10set_window17h9a2ab4d427a50f00E
                0x08000d20      0x23c D:\stay-on-main\stm32f103\target\thumbv7m-none-eabi\release\deps\stm32f103-1d1b90d2c90ff25a.stm32f103.csg4pax8-cgu.0.rcgu.o
                0x08000d20                stm32f103::display::set_window
 .text.systick_handler_interrupt
                0x08000f5c       0x10 D:\stay-on-main\stm32f103\target\thumbv7m-none-eabi\release\deps\stm32f103-1d1b90d2c90ff25a.stm32f103.csg4pax8-cgu.12.rcgu.o
                0x08000f5c                systick_handler_interrupt
 .text._ZN9stm32f1034time4init17h37c13dd8b5d8a5e6E
                0x08000f6c       0x3e D:\stay-on-main\stm32f103\target\thumbv7m-none-eabi\release\deps\stm32f103-1d1b90d2c90ff25a.stm32f103.csg4pax8-cgu.12.rcgu.o
                0x08000f6c                stm32f103::time::init
 .text._ZN9stm32f1034time8delay_ms17hfff9d35597ba9608E
                0x08000faa       0x2a D:\stay-on-main\stm32f103\target\thumbv7m-none-eabi\release\deps\stm32f103-1d1b90d2c90ff25a.stm32f103.csg4pax8-cgu.12.rcgu.o
                0x08000faa                stm32f103::time::delay_ms
 .text._ZN9stm32f1037startup11nmi_handler17he786a734f0ca5540E
                0x08000fd4        0x2 D:\stay-on-main\stm32f103\target\thumbv7m-none-eabi\release\deps\stm32f103-1d1b90d2c90ff25a.stm32f103.csg4pax8-cgu.15.rcgu.o
 .text._ZN9stm32f1037startup13reset_handler17h8937dde1945a0667E
                0x08000fd6       0x80 D:\stay-on-main\stm32f103\target\thumbv7m-none-eabi\release\deps\stm32f103-1d1b90d2c90ff25a.stm32f103.csg4pax8-cgu.15.rcgu.o
 .text._ZN9stm32f1037startup15systick_handler17hd417a39ba988eb0dE
                0x08001056        0x4 D:\stay-on-main\stm32f103\target\thumbv7m-none-eabi\release\deps\stm32f103-1d1b90d2c90ff25a.stm32f103.csg4pax8-cgu.15.rcgu.o
 .text.main     0x0800105a      0x240 D:\stay-on-main\stm32f103\target\thumbv7m-none-eabi\release\deps\stm32f103-1d1b90d2c90ff25a.stm32f103.csg4pax8-cgu.2.rcgu.o
                0x0800105a                main

.rodata._ZN9stm32f1035IMAGE17haaabb09b5d502e88E.llvm.5924268975517636170
                0x0800129a     0xa000
 .rodata._ZN9stm32f1035IMAGE17haaabb09b5d502e88E.llvm.5924268975517636170
                0x0800129a     0xa000 D:\stay-on-main\stm32f103\target\thumbv7m-none-eabi\release\deps\stm32f103-1d1b90d2c90ff25a.stm32f103.csg4pax8-cgu.2.rcgu.o
                0x0800129a                _ZN9stm32f1035IMAGE17haaabb09b5d502e88E.llvm.5924268975517636170

.glue_7         0x0800b29c        0x0
 .glue_7        0x0800b29c        0x0 linker stubs

.glue_7t        0x0800b29c        0x0
 .glue_7t       0x0800b29c        0x0 linker stubs

.vfp11_veneer   0x0800b29c        0x0
 .vfp11_veneer  0x0800b29c        0x0 linker stubs

.v4_bx          0x0800b29c        0x0
 .v4_bx         0x0800b29c        0x0 linker stubs

.iplt           0x0800b29c        0x0
 .iplt          0x0800b29c        0x0 D:\stay-on-main\stm32f103\target\thumbv7m-none-eabi\release\deps\stm32f103-1d1b90d2c90ff25a.stm32f103.csg4pax8-cgu.0.rcgu.o

.rel.dyn        0x0800b29c        0x0
 .rel.iplt      0x0800b29c        0x0 D:\stay-on-main\stm32f103\target\thumbv7m-none-eabi\release\deps\stm32f103-1d1b90d2c90ff25a.stm32f103.csg4pax8-cgu.0.rcgu.o

.data
 *(.data)
 *(.data.*)

.igot.plt       0x20000000        0x0
 .igot.plt      0x20000000        0x0 D:\stay-on-main\stm32f103\target\thumbv7m-none-eabi\release\deps\stm32f103-1d1b90d2c90ff25a.stm32f103.csg4pax8-cgu.0.rcgu.o

.bss            0x20000000        0x4
                0x20000000                _sbss = .
 *(.bss .bss.*)
 .bss._ZN9stm32f1034time19SYS_TICK_COUNTER_MS17h06c2f82839995e2bE
                0x20000000        0x4 D:\stay-on-main\stm32f103\target\thumbv7m-none-eabi\release\deps\stm32f103-1d1b90d2c90ff25a.stm32f103.csg4pax8-cgu.12.rcgu.o
                0x20000004                _ebss = ALIGN (0x4)

/DISCARD/
 *(.ARM.exidx.*)
OUTPUT(D:\stay-on-main\stm32f103\target\thumbv7m-none-eabi\release\deps\stm32f103-1d1b90d2c90ff25a elf32-littlearm)

.debug_str      0x00000000     0x1f06
 .debug_str     0x00000000     0x1344 D:\stay-on-main\stm32f103\target\thumbv7m-none-eabi\release\deps\stm32f103-1d1b90d2c90ff25a.stm32f103.csg4pax8-cgu.0.rcgu.o
                               0x13c0 (size before relaxing)
 .debug_str     0x00001344      0x2ab D:\stay-on-main\stm32f103\target\thumbv7m-none-eabi\release\deps\stm32f103-1d1b90d2c90ff25a.stm32f103.csg4pax8-cgu.12.rcgu.o
                                0x3f2 (size before relaxing)
 .debug_str     0x000015ef      0x4f2 D:\stay-on-main\stm32f103\target\thumbv7m-none-eabi\release\deps\stm32f103-1d1b90d2c90ff25a.stm32f103.csg4pax8-cgu.15.rcgu.o
                                0x777 (size before relaxing)
 .debug_str     0x00001ae1      0x425 D:\stay-on-main\stm32f103\target\thumbv7m-none-eabi\release\deps\stm32f103-1d1b90d2c90ff25a.stm32f103.csg4pax8-cgu.2.rcgu.o
                                0xb1c (size before relaxing)

.debug_loc      0x00000000     0x11d9
 .debug_loc     0x00000000      0xacf D:\stay-on-main\stm32f103\target\thumbv7m-none-eabi\release\deps\stm32f103-1d1b90d2c90ff25a.stm32f103.csg4pax8-cgu.0.rcgu.o
 .debug_loc     0x00000acf      0x102 D:\stay-on-main\stm32f103\target\thumbv7m-none-eabi\release\deps\stm32f103-1d1b90d2c90ff25a.stm32f103.csg4pax8-cgu.12.rcgu.o
 .debug_loc     0x00000bd1       0xa7 D:\stay-on-main\stm32f103\target\thumbv7m-none-eabi\release\deps\stm32f103-1d1b90d2c90ff25a.stm32f103.csg4pax8-cgu.15.rcgu.o
 .debug_loc     0x00000c78      0x561 D:\stay-on-main\stm32f103\target\thumbv7m-none-eabi\release\deps\stm32f103-1d1b90d2c90ff25a.stm32f103.csg4pax8-cgu.2.rcgu.o

.debug_abbrev   0x00000000      0x789
 .debug_abbrev  0x00000000      0x227 D:\stay-on-main\stm32f103\target\thumbv7m-none-eabi\release\deps\stm32f103-1d1b90d2c90ff25a.stm32f103.csg4pax8-cgu.0.rcgu.o
 .debug_abbrev  0x00000227      0x171 D:\stay-on-main\stm32f103\target\thumbv7m-none-eabi\release\deps\stm32f103-1d1b90d2c90ff25a.stm32f103.csg4pax8-cgu.12.rcgu.o
 .debug_abbrev  0x00000398      0x1f7 D:\stay-on-main\stm32f103\target\thumbv7m-none-eabi\release\deps\stm32f103-1d1b90d2c90ff25a.stm32f103.csg4pax8-cgu.15.rcgu.o
 .debug_abbrev  0x0000058f      0x1fa D:\stay-on-main\stm32f103\target\thumbv7m-none-eabi\release\deps\stm32f103-1d1b90d2c90ff25a.stm32f103.csg4pax8-cgu.2.rcgu.o

.debug_info     0x00000000     0x4a23
 .debug_info    0x00000000     0x29e7 D:\stay-on-main\stm32f103\target\thumbv7m-none-eabi\release\deps\stm32f103-1d1b90d2c90ff25a.stm32f103.csg4pax8-cgu.0.rcgu.o
 .debug_info    0x000029e7      0x577 D:\stay-on-main\stm32f103\target\thumbv7m-none-eabi\release\deps\stm32f103-1d1b90d2c90ff25a.stm32f103.csg4pax8-cgu.12.rcgu.o
 .debug_info    0x00002f5e      0x82e D:\stay-on-main\stm32f103\target\thumbv7m-none-eabi\release\deps\stm32f103-1d1b90d2c90ff25a.stm32f103.csg4pax8-cgu.15.rcgu.o
 .debug_info    0x0000378c     0x1297 D:\stay-on-main\stm32f103\target\thumbv7m-none-eabi\release\deps\stm32f103-1d1b90d2c90ff25a.stm32f103.csg4pax8-cgu.2.rcgu.o

.debug_ranges   0x00000000     0x1078
 .debug_ranges  0x00000000      0xb20 D:\stay-on-main\stm32f103\target\thumbv7m-none-eabi\release\deps\stm32f103-1d1b90d2c90ff25a.stm32f103.csg4pax8-cgu.0.rcgu.o
 .debug_ranges  0x00000b20       0xb8 D:\stay-on-main\stm32f103\target\thumbv7m-none-eabi\release\deps\stm32f103-1d1b90d2c90ff25a.stm32f103.csg4pax8-cgu.12.rcgu.o
 .debug_ranges  0x00000bd8       0x68 D:\stay-on-main\stm32f103\target\thumbv7m-none-eabi\release\deps\stm32f103-1d1b90d2c90ff25a.stm32f103.csg4pax8-cgu.15.rcgu.o
 .debug_ranges  0x00000c40      0x438 D:\stay-on-main\stm32f103\target\thumbv7m-none-eabi\release\deps\stm32f103-1d1b90d2c90ff25a.stm32f103.csg4pax8-cgu.2.rcgu.o

.debug_macinfo  0x00000000        0x4
 .debug_macinfo
                0x00000000        0x1 D:\stay-on-main\stm32f103\target\thumbv7m-none-eabi\release\deps\stm32f103-1d1b90d2c90ff25a.stm32f103.csg4pax8-cgu.0.rcgu.o
 .debug_macinfo
                0x00000001        0x1 D:\stay-on-main\stm32f103\target\thumbv7m-none-eabi\release\deps\stm32f103-1d1b90d2c90ff25a.stm32f103.csg4pax8-cgu.12.rcgu.o
 .debug_macinfo
                0x00000002        0x1 D:\stay-on-main\stm32f103\target\thumbv7m-none-eabi\release\deps\stm32f103-1d1b90d2c90ff25a.stm32f103.csg4pax8-cgu.15.rcgu.o
 .debug_macinfo
                0x00000003        0x1 D:\stay-on-main\stm32f103\target\thumbv7m-none-eabi\release\deps\stm32f103-1d1b90d2c90ff25a.stm32f103.csg4pax8-cgu.2.rcgu.o

.debug_pubnames
                0x00000000      0x934
 .debug_pubnames
                0x00000000      0x3e2 D:\stay-on-main\stm32f103\target\thumbv7m-none-eabi\release\deps\stm32f103-1d1b90d2c90ff25a.stm32f103.csg4pax8-cgu.0.rcgu.o
 .debug_pubnames
                0x000003e2      0x142 D:\stay-on-main\stm32f103\target\thumbv7m-none-eabi\release\deps\stm32f103-1d1b90d2c90ff25a.stm32f103.csg4pax8-cgu.12.rcgu.o
 .debug_pubnames
                0x00000524      0x1a9 D:\stay-on-main\stm32f103\target\thumbv7m-none-eabi\release\deps\stm32f103-1d1b90d2c90ff25a.stm32f103.csg4pax8-cgu.15.rcgu.o
 .debug_pubnames
                0x000006cd      0x267 D:\stay-on-main\stm32f103\target\thumbv7m-none-eabi\release\deps\stm32f103-1d1b90d2c90ff25a.stm32f103.csg4pax8-cgu.2.rcgu.o

.debug_pubtypes
                0x00000000      0x6c9
 .debug_pubtypes
                0x00000000      0x21f D:\stay-on-main\stm32f103\target\thumbv7m-none-eabi\release\deps\stm32f103-1d1b90d2c90ff25a.stm32f103.csg4pax8-cgu.0.rcgu.o
 .debug_pubtypes
                0x0000021f       0x36 D:\stay-on-main\stm32f103\target\thumbv7m-none-eabi\release\deps\stm32f103-1d1b90d2c90ff25a.stm32f103.csg4pax8-cgu.12.rcgu.o
 .debug_pubtypes
                0x00000255      0x3d0 D:\stay-on-main\stm32f103\target\thumbv7m-none-eabi\release\deps\stm32f103-1d1b90d2c90ff25a.stm32f103.csg4pax8-cgu.15.rcgu.o
 .debug_pubtypes
                0x00000625       0xa4 D:\stay-on-main\stm32f103\target\thumbv7m-none-eabi\release\deps\stm32f103-1d1b90d2c90ff25a.stm32f103.csg4pax8-cgu.2.rcgu.o

.note.GNU-stack
                0x00000000        0x0
 .note.GNU-stack
                0x00000000        0x0 D:\stay-on-main\stm32f103\target\thumbv7m-none-eabi\release\deps\stm32f103-1d1b90d2c90ff25a.stm32f103.csg4pax8-cgu.0.rcgu.o
 .note.GNU-stack
                0x00000000        0x0 D:\stay-on-main\stm32f103\target\thumbv7m-none-eabi\release\deps\stm32f103-1d1b90d2c90ff25a.stm32f103.csg4pax8-cgu.12.rcgu.o
 .note.GNU-stack
                0x00000000        0x0 D:\stay-on-main\stm32f103\target\thumbv7m-none-eabi\release\deps\stm32f103-1d1b90d2c90ff25a.stm32f103.csg4pax8-cgu.15.rcgu.o
 .note.GNU-stack
                0x00000000        0x0 D:\stay-on-main\stm32f103\target\thumbv7m-none-eabi\release\deps\stm32f103-1d1b90d2c90ff25a.stm32f103.csg4pax8-cgu.2.rcgu.o

.ARM.attributes
                0x00000000       0x2e
 .ARM.attributes
                0x00000000       0x32 D:\stay-on-main\stm32f103\target\thumbv7m-none-eabi\release\deps\stm32f103-1d1b90d2c90ff25a.stm32f103.csg4pax8-cgu.0.rcgu.o
 .ARM.attributes
                0x00000032       0x32 D:\stay-on-main\stm32f103\target\thumbv7m-none-eabi\release\deps\stm32f103-1d1b90d2c90ff25a.stm32f103.csg4pax8-cgu.12.rcgu.o
 .ARM.attributes
                0x00000064       0x32 D:\stay-on-main\stm32f103\target\thumbv7m-none-eabi\release\deps\stm32f103-1d1b90d2c90ff25a.stm32f103.csg4pax8-cgu.15.rcgu.o
 .ARM.attributes
                0x00000096       0x32 D:\stay-on-main\stm32f103\target\thumbv7m-none-eabi\release\deps\stm32f103-1d1b90d2c90ff25a.stm32f103.csg4pax8-cgu.2.rcgu.o

.debug_frame    0x00000000      0x150
 .debug_frame   0x00000000       0x64 D:\stay-on-main\stm32f103\target\thumbv7m-none-eabi\release\deps\stm32f103-1d1b90d2c90ff25a.stm32f103.csg4pax8-cgu.0.rcgu.o
 .debug_frame   0x00000064       0x54 D:\stay-on-main\stm32f103\target\thumbv7m-none-eabi\release\deps\stm32f103-1d1b90d2c90ff25a.stm32f103.csg4pax8-cgu.12.rcgu.o
 .debug_frame   0x000000b8       0x74 D:\stay-on-main\stm32f103\target\thumbv7m-none-eabi\release\deps\stm32f103-1d1b90d2c90ff25a.stm32f103.csg4pax8-cgu.15.rcgu.o
 .debug_frame   0x0000012c       0x24 D:\stay-on-main\stm32f103\target\thumbv7m-none-eabi\release\deps\stm32f103-1d1b90d2c90ff25a.stm32f103.csg4pax8-cgu.2.rcgu.o

.debug_line     0x00000000     0x143c
 .debug_line    0x00000000      0xbf0 D:\stay-on-main\stm32f103\target\thumbv7m-none-eabi\release\deps\stm32f103-1d1b90d2c90ff25a.stm32f103.csg4pax8-cgu.0.rcgu.o
 .debug_line    0x00000bf0      0x1b3 D:\stay-on-main\stm32f103\target\thumbv7m-none-eabi\release\deps\stm32f103-1d1b90d2c90ff25a.stm32f103.csg4pax8-cgu.12.rcgu.o
 .debug_line    0x00000da3      0x1a2 D:\stay-on-main\stm32f103\target\thumbv7m-none-eabi\release\deps\stm32f103-1d1b90d2c90ff25a.stm32f103.csg4pax8-cgu.15.rcgu.o
 .debug_line    0x00000f45      0x4f7 D:\stay-on-main\stm32f103\target\thumbv7m-none-eabi\release\deps\stm32f103-1d1b90d2c90ff25a.stm32f103.csg4pax8-cgu.2.rcgu.o
